Dec 30 20:52:58 vagrant systemd[1]: Stopping Session 1 of User vagrant...
Dec 30 23:42:46 vagrant systemd-modules-load[423]: Inserted module 'msr'
Dec 30 23:42:46 vagrant lvm[410]:   1 logical volume(s) in volume group "ubuntu-vg" monitored
Dec 30 23:42:46 vagrant systemd[1]: Mounted Huge Pages File System.
Dec 30 23:42:46 vagrant systemd[1]: Mounted POSIX Message Queue File System.
Dec 30 23:42:46 vagrant systemd[1]: Mounted Kernel Debug File System.
Dec 30 23:42:46 vagrant systemd[1]: Mounted Kernel Trace File System.
Dec 30 23:42:46 vagrant systemd[1]: Finished Create List of Static Device Nodes.
Dec 30 23:42:46 vagrant systemd[1]: modprobe@configfs.service: Deactivated successfully.
Dec 30 23:42:46 vagrant systemd[1]: Finished Load Kernel Module configfs.
Dec 30 23:42:46 vagrant systemd[1]: modprobe@drm.service: Deactivated successfully.
Dec 30 23:42:46 vagrant systemd[1]: Finished Load Kernel Module drm.
Dec 30 23:42:46 vagrant systemd[1]: modprobe@efi_pstore.service: Deactivated successfully.
Dec 30 23:42:46 vagrant systemd[1]: Finished Load Kernel Module efi_pstore.
Dec 30 23:42:46 vagrant systemd[1]: modprobe@fuse.service: Deactivated successfully.
Dec 30 23:42:46 vagrant systemd[1]: Finished Load Kernel Module fuse.
Dec 30 23:42:46 vagrant systemd[1]: Finished Load Kernel Modules.
Dec 30 23:42:46 vagrant systemd[1]: Finished Remount Root and Kernel File Systems.
Dec 30 23:42:46 vagrant systemd[1]: Activating swap /swap.img...
Dec 30 23:42:46 vagrant systemd[1]: Mounting FUSE Control File System...
Dec 30 23:42:46 vagrant systemd[1]: Mounting Kernel Configuration File System...
Dec 30 23:42:46 vagrant systemd[1]: Starting Device-Mapper Multipath Device Controller...
Dec 30 23:42:46 vagrant systemd[1]: Starting Flush Journal to Persistent Storage...
Dec 30 23:42:46 vagrant systemd[1]: Condition check resulted in Platform Persistent Storage Archival being skipped.
Dec 30 23:42:46 vagrant systemd[1]: Starting Load/Save Random Seed...
Dec 30 23:42:46 vagrant systemd[1]: Starting Apply Kernel Variables...
Dec 30 23:42:46 vagrant systemd[1]: Starting Create System Users...
Dec 30 23:42:46 vagrant systemd[1]: Activated swap /swap.img.
Dec 30 23:42:46 vagrant systemd[1]: Finished Set the console keyboard layout.
Dec 30 23:42:46 vagrant multipathd[444]: --------start up--------
Dec 30 23:42:46 vagrant multipathd[444]: read /etc/multipath.conf
Dec 30 23:42:46 vagrant systemd[1]: Finished Monitoring of LVM2 mirrors, snapshots etc. using dmeventd or progress polling.
Dec 30 23:42:46 vagrant systemd[1]: Mounted FUSE Control File System.
Dec 30 23:42:46 vagrant systemd[1]: Mounted Kernel Configuration File System.
Dec 30 23:42:46 vagrant systemd[1]: Finished Load/Save Random Seed.
Dec 30 23:42:46 vagrant systemd[1]: Condition check resulted in First Boot Complete being skipped.
Dec 30 23:42:46 vagrant systemd[1]: Reached target Swaps.
Dec 30 23:42:46 vagrant systemd[1]: Finished Apply Kernel Variables.
Dec 30 23:42:46 vagrant systemd[1]: Finished Create System Users.
Dec 30 23:42:46 vagrant systemd[1]: Starting Create Static Device Nodes in /dev...
Dec 30 23:42:46 vagrant systemd[1]: Finished Create Static Device Nodes in /dev.
Dec 30 23:42:46 vagrant systemd[1]: Starting Rule-based Manager for Device Events and Files...
Dec 30 23:42:46 vagrant systemd[1]: Finished Coldplug All udev Devices.
Dec 30 23:42:46 vagrant systemd[1]: Starting Helper to synchronize boot up for ifupdown...
Dec 30 23:42:46 vagrant systemd-udevd[447]: Network interface NamePolicy= disabled on kernel command line, ignoring.
Dec 30 23:42:46 vagrant systemd[1]: Finished Flush Journal to Persistent Storage.
Dec 30 23:42:46 vagrant systemd[1]: Finished Helper to synchronize boot up for ifupdown.
Dec 30 23:42:46 vagrant multipathd[444]: path checkers start up
Dec 30 23:42:46 vagrant systemd[1]: Started Device-Mapper Multipath Device Controller.
Dec 30 23:42:46 vagrant systemd[1]: Reached target Preparation for Local File Systems.
Dec 30 23:42:46 vagrant systemd[1]: Mounting Mount unit for core20, revision 1974...
Dec 30 23:42:46 vagrant systemd[1]: Mounting Mount unit for lxd, revision 24322...
Dec 30 23:42:46 vagrant systemd[1]: Mounting Mount unit for snapd, revision 19457...
Dec 30 23:42:46 vagrant systemd[1]: Mounted Mount unit for core20, revision 1974.
Dec 30 23:42:46 vagrant systemd[1]: Mounted Mount unit for lxd, revision 24322.
Dec 30 23:42:46 vagrant systemd[1]: Mounted Mount unit for snapd, revision 19457.
Dec 30 23:42:46 vagrant systemd[1]: Reached target Mounted snaps.
Dec 30 23:42:46 vagrant systemd[1]: Started Rule-based Manager for Device Events and Files.
Dec 30 23:42:46 vagrant systemd[1]: Condition check resulted in Show Plymouth Boot Screen being skipped.
Dec 30 23:42:46 vagrant systemd[1]: Started Dispatch Password Requests to Console Directory Watch.
Dec 30 23:42:46 vagrant systemd[1]: Condition check resulted in Forward Password Requests to Plymouth Directory Watch being skipped.
Dec 30 23:42:46 vagrant systemd[1]: Reached target Local Encrypted Volumes.
Dec 30 23:42:46 vagrant systemd-udevd[475]: Using default interface naming scheme 'v249'.
Dec 30 23:42:46 vagrant systemd[1]: Listening on Load/Save RF Kill Switch Status /dev/rfkill Watch.
Dec 30 23:42:46 vagrant systemd-udevd[484]: sda: Process '/usr/bin/unshare -m /usr/bin/snap auto-import --mount=/dev/sda' failed with exit code 1.
Dec 30 23:42:46 vagrant systemd-udevd[484]: sda3: Process '/usr/bin/unshare -m /usr/bin/snap auto-import --mount=/dev/sda3' failed with exit code 1.
Dec 30 23:42:46 vagrant systemd[1]: Created slice Slice /system/lvm2-pvscan.
Dec 30 23:42:46 vagrant systemd-udevd[478]: sda1: Process '/usr/bin/unshare -m /usr/bin/snap auto-import --mount=/dev/sda1' failed with exit code 1.
Dec 30 23:42:46 vagrant systemd[1]: Starting LVM event activation on device 8:3...
Dec 30 23:42:46 vagrant systemd[1]: Found device VBOX_HARDDISK 1.
Dec 30 23:42:46 vagrant systemd[1]: Starting File System Check on /dev/disk/by-uuid/EDAB-A670...
Dec 30 23:42:46 vagrant systemd-udevd[481]: vboxguest: /etc/udev/rules.d/60-vboxadd.rules:1 Only network interfaces can be renamed, ignoring NAME="vboxguest".
Dec 30 23:42:46 vagrant systemd-udevd[461]: sda2: Process '/usr/bin/unshare -m /usr/bin/snap auto-import --mount=/dev/sda2' failed with exit code 1.
Dec 30 23:42:46 vagrant lvm[541]:   pvscan[541] PV /dev/sda3 online, VG ubuntu-vg is complete.
Dec 30 23:42:46 vagrant lvm[541]:   pvscan[541] VG ubuntu-vg skip autoactivation.
Dec 30 23:42:46 vagrant systemd[1]: Started File System Check Daemon to report status.
Dec 30 23:42:46 vagrant systemd[1]: Found device VBOX_HARDDISK 2.
Dec 30 23:42:46 vagrant systemd[1]: Starting File System Check on /dev/disk/by-uuid/cf2e947f-cd9f-4dc6-87ae-08b4db3ab721...
Dec 30 23:42:46 vagrant systemd-fsck[553]: fsck.fat 4.2 (2021-01-31)
Dec 30 23:42:46 vagrant systemd-fsck[553]: /dev/sda1: 11 files, 1555/274657 clusters
Dec 30 23:42:46 vagrant systemd[1]: Finished File System Check on /dev/disk/by-uuid/EDAB-A670.
Dec 30 23:42:46 vagrant systemd-udevd[476]: vboxuser: /etc/udev/rules.d/60-vboxadd.rules:2 Only network interfaces can be renamed, ignoring NAME="vboxuser".
Dec 30 23:42:46 vagrant systemd[1]: Finished LVM event activation on device 8:3.
Dec 30 23:42:46 vagrant systemd-fsck[571]: /dev/sda2: clean, 306/131072 files, 59612/524288 blocks
Dec 30 23:42:46 vagrant systemd[1]: Finished File System Check on /dev/disk/by-uuid/cf2e947f-cd9f-4dc6-87ae-08b4db3ab721.
Dec 30 23:42:46 vagrant systemd-udevd[467]: dm-0: Process '/usr/bin/unshare -m /usr/bin/snap auto-import --mount=/dev/dm-0' failed with exit code 1.
Dec 30 23:42:46 vagrant systemd[1]: Mounting /boot...
Dec 30 23:42:46 vagrant systemd[1]: Mounted /boot.
Dec 30 23:42:46 vagrant systemd[1]: Mounting /boot/efi...
Dec 30 23:42:46 vagrant systemd[1]: Mounted /boot/efi.
Dec 30 23:42:46 vagrant systemd[1]: Reached target Local File Systems.
Dec 30 23:42:46 vagrant systemd[1]: Starting Load AppArmor profiles...
Dec 30 23:42:46 vagrant systemd[1]: Starting Set console font and keymap...
Dec 30 23:42:46 vagrant systemd[1]: Starting Create final runtime dir for shutdown pivot root...
Dec 30 23:42:46 vagrant systemd[1]: Starting Tell Plymouth To Write Out Runtime Data...
Dec 30 23:42:46 vagrant systemd[1]: Condition check resulted in RPC security service for NFS server being skipped.
Dec 30 23:42:46 vagrant apparmor.systemd[609]: Restarting AppArmor
Dec 30 23:42:46 vagrant apparmor.systemd[609]: Reloading AppArmor profiles
Dec 30 23:42:46 vagrant systemd[1]: Starting Set Up Additional Binary Formats...
Dec 30 23:42:46 vagrant systemd[1]: Condition check resulted in Store a System Token in an EFI Variable being skipped.
Dec 30 23:42:46 vagrant systemd[1]: Condition check resulted in Commit a transient machine-id on disk being skipped.
Dec 30 23:42:46 vagrant systemd[1]: Starting Create Volatile Files and Directories...
Dec 30 23:42:46 vagrant systemd[1]: Starting Uncomplicated firewall...
Dec 30 23:42:46 vagrant systemd[1]: Finished Set console font and keymap.
Dec 30 23:42:46 vagrant systemd[1]: Finished Create final runtime dir for shutdown pivot root.
Dec 30 23:42:46 vagrant systemd[1]: Finished Uncomplicated firewall.
Dec 30 23:42:46 vagrant systemd[1]: proc-sys-fs-binfmt_misc.automount: Got automount request for /proc/sys/fs/binfmt_misc, triggered by 619 (systemd-binfmt)
Dec 30 23:42:46 vagrant systemd[1]: Mounting Arbitrary Executable File Formats File System...
Dec 30 23:42:46 vagrant systemd[1]: Finished Tell Plymouth To Write Out Runtime Data.
Dec 30 23:42:46 vagrant systemd[1]: Mounted Arbitrary Executable File Formats File System.
Dec 30 23:42:46 vagrant systemd[1]: Finished Set Up Additional Binary Formats.
Dec 30 23:42:46 vagrant systemd[1]: Finished Create Volatile Files and Directories.
Dec 30 23:42:46 vagrant systemd[1]: Mounting RPC Pipe File System...
Dec 30 23:42:46 vagrant systemd[1]: Starting Load Kernel Module efi_pstore...
Dec 30 23:42:46 vagrant systemd[1]: Condition check resulted in OpenVSwitch configuration for cleanup being skipped.
Dec 30 23:42:46 vagrant systemd[1]: Condition check resulted in Show Plymouth Boot Screen being skipped.
Dec 30 23:42:46 vagrant systemd[1]: Condition check resulted in Forward Password Requests to Plymouth Directory Watch being skipped.
Dec 30 23:42:46 vagrant systemd[1]: Starting RPC bind portmap service...
Dec 30 23:42:46 vagrant systemd[1]: Condition check resulted in Store a System Token in an EFI Variable being skipped.
Dec 30 23:42:46 vagrant systemd[1]: Condition check resulted in Commit a transient machine-id on disk being skipped.
Dec 30 23:42:46 vagrant systemd[1]: Starting Record System Boot/Shutdown in UTMP...
Dec 30 23:42:46 vagrant systemd[1]: modprobe@efi_pstore.service: Deactivated successfully.
Dec 30 23:42:46 vagrant systemd[1]: Finished Load Kernel Module efi_pstore.
Dec 30 23:42:46 vagrant systemd[1]: Condition check resulted in Platform Persistent Storage Archival being skipped.
Dec 30 23:42:46 vagrant systemd[1]: Finished Record System Boot/Shutdown in UTMP.
Dec 30 23:42:46 vagrant systemd[1]: Started RPC bind portmap service.
Dec 30 23:42:46 vagrant systemd[1]: Reached target RPC Port Mapper.
Dec 30 23:42:46 vagrant systemd[1]: Mounted RPC Pipe File System.
Dec 30 23:42:46 vagrant systemd[1]: Reached target rpc_pipefs.target.
Dec 30 23:42:46 vagrant systemd[1]: Condition check resulted in RPC security service for NFS client and server being skipped.
Dec 30 23:42:46 vagrant systemd[1]: Reached target NFS client services.
Dec 30 23:42:46 vagrant apparmor.systemd[639]: Skipping profile in /etc/apparmor.d/disable: usr.sbin.rsyslogd
Dec 30 23:42:46 vagrant systemd[1]: Finished Load AppArmor profiles.
Dec 30 23:42:46 vagrant systemd[1]: Starting Load AppArmor profiles managed internally by snapd...
Dec 30 23:42:46 vagrant systemd[1]: Condition check resulted in Authentication service for virtual machines hosted on VMware being skipped.
Dec 30 23:42:46 vagrant systemd[1]: Condition check resulted in Service for virtual machines hosted on VMware being skipped.
Dec 30 23:42:46 vagrant systemd[1]: Starting Initial cloud-init job (pre-networking)...
Dec 30 23:42:46 vagrant snapd-apparmor[640]: main.go:124: Loading profiles [/var/lib/snapd/apparmor/profiles/snap-confine.snapd.19457 /var/lib/snapd/apparmor/profiles/snap-update-ns.lxd /var/lib/snapd/apparmor/profiles/snap.lxd.activate /var/lib/snapd/apparmor/profiles/snap.lxd.benchmark /var/lib/snapd/apparmor/profiles/snap.lxd.buginfo /var/lib/snapd/apparmor/profiles/snap.lxd.check-kernel /var/lib/snapd/apparmor/profiles/snap.lxd.daemon /var/lib/snapd/apparmor/profiles/snap.lxd.hook.configure /var/lib/snapd/apparmor/profiles/snap.lxd.hook.install /var/lib/snapd/apparmor/profiles/snap.lxd.hook.remove /var/lib/snapd/apparmor/profiles/snap.lxd.lxc /var/lib/snapd/apparmor/profiles/snap.lxd.lxc-to-lxd /var/lib/snapd/apparmor/profiles/snap.lxd.lxd /var/lib/snapd/apparmor/profiles/snap.lxd.migrate /var/lib/snapd/apparmor/profiles/snap.lxd.user-daemon]
Dec 30 23:42:46 vagrant cloud-init[668]: Cloud-init v. 23.3.3-0ubuntu0~22.04.1 running 'init-local' at Sat, 30 Dec 2023 23:42:44 +0000. Up 5.13 seconds.
Dec 30 23:42:46 vagrant systemd[1]: Finished Initial cloud-init job (pre-networking).
Dec 30 23:42:46 vagrant systemd[1]: Reached target Preparation for Network.
Dec 30 23:42:46 vagrant systemd[1]: Starting Raise network interfaces...
Dec 30 23:42:46 vagrant systemd[1]: Starting Network Configuration...
Dec 30 23:42:46 vagrant systemd-networkd[674]: lo: Link UP
Dec 30 23:42:46 vagrant systemd-networkd[674]: lo: Gained carrier
Dec 30 23:42:46 vagrant systemd-networkd[674]: Enumeration completed
Dec 30 23:42:46 vagrant systemd[1]: Started Network Configuration.
Dec 30 23:42:46 vagrant systemd[1]: Starting Wait for Network to be Configured...
Dec 30 23:42:46 vagrant systemd[1]: Starting Network Name Resolution...
Dec 30 23:42:46 vagrant systemd-networkd[674]: eth0: Link UP
Dec 30 23:42:46 vagrant systemd-networkd[674]: eth0: Gained carrier
Dec 30 23:42:46 vagrant systemd-networkd[674]: eth0: DHCPv4 address 10.0.2.15/24 via 10.0.2.2
Dec 30 23:42:46 vagrant systemd[1]: Finished Raise network interfaces.
Dec 30 23:42:46 vagrant systemd-resolved[684]: Positive Trust Anchors:
Dec 30 23:42:46 vagrant systemd-resolved[684]: . IN DS 20326 8 2 e06d44b80b8f1d39a95c0b0d7c65d08458e880409bbc683457104237c7f8ec8d
Dec 30 23:42:46 vagrant systemd-resolved[684]: Negative trust anchors: home.arpa 10.in-addr.arpa 16.172.in-addr.arpa 17.172.in-addr.arpa 18.172.in-addr.arpa 19.172.in-addr.arpa 20.172.in-addr.arpa 21.172.in-addr.arpa 22.172.in-addr.arpa 23.172.in-addr.arpa 24.172.in-addr.arpa 25.172.in-addr.arpa 26.172.in-addr.arpa 27.172.in-addr.arpa 28.172.in-addr.arpa 29.172.in-addr.arpa 30.172.in-addr.arpa 31.172.in-addr.arpa 168.192.in-addr.arpa d.f.ip6.arpa corp home internal intranet lan local private test
Dec 30 23:42:46 vagrant systemd-resolved[684]: Using system hostname 'vagrant'.
Dec 30 23:42:46 vagrant systemd[1]: Started Network Name Resolution.
Dec 30 23:42:46 vagrant systemd[1]: Reached target Network.
Dec 30 23:42:46 vagrant systemd[1]: Reached target Host and Network Name Lookups.
Dec 30 23:42:46 vagrant systemd[1]: Finished Load AppArmor profiles managed internally by snapd.
Dec 30 23:42:46 vagrant systemd-networkd[674]: eth0: Gained IPv6LL
Dec 30 23:42:46 vagrant systemd[1]: Finished Wait for Network to be Configured.
Dec 30 23:42:46 vagrant systemd[1]: Starting Initial cloud-init job (metadata service crawler)...
Dec 30 23:42:46 vagrant cloud-init[711]: Cloud-init v. 23.3.3-0ubuntu0~22.04.1 running 'init' at Sat, 30 Dec 2023 23:42:46 +0000. Up 7.43 seconds.
Dec 30 23:42:46 vagrant cloud-init[711]: ci-info: ++++++++++++++++++++++++++++++++++++++Net device info+++++++++++++++++++++++++++++++++++++++
Dec 30 23:42:46 vagrant cloud-init[711]: ci-info: +--------+------+-----------------------------+---------------+--------+-------------------+
Dec 30 23:42:46 vagrant cloud-init[711]: ci-info: | Device |  Up  |           Address           |      Mask     | Scope  |     Hw-Address    |
Dec 30 23:42:46 vagrant cloud-init[711]: ci-info: +--------+------+-----------------------------+---------------+--------+-------------------+
Dec 30 23:42:46 vagrant cloud-init[711]: ci-info: |  eth0  | True |          10.0.2.15          | 255.255.255.0 | global | 08:00:27:4d:f6:ec |
Dec 30 23:42:46 vagrant cloud-init[711]: ci-info: |  eth0  | True | fe80::a00:27ff:fe4d:f6ec/64 |       .       |  link  | 08:00:27:4d:f6:ec |
Dec 30 23:42:46 vagrant cloud-init[711]: ci-info: |   lo   | True |          127.0.0.1          |   255.0.0.0   |  host  |         .         |
Dec 30 23:42:46 vagrant cloud-init[711]: ci-info: |   lo   | True |           ::1/128           |       .       |  host  |         .         |
Dec 30 23:42:46 vagrant cloud-init[711]: ci-info: +--------+------+-----------------------------+---------------+--------+-------------------+
Dec 30 23:42:46 vagrant cloud-init[711]: ci-info: ++++++++++++++++++++++++++++Route IPv4 info+++++++++++++++++++++++++++++
Dec 30 23:42:46 vagrant cloud-init[711]: ci-info: +-------+-------------+----------+-----------------+-----------+-------+
Dec 30 23:42:46 vagrant cloud-init[711]: ci-info: | Route | Destination | Gateway  |     Genmask     | Interface | Flags |
Dec 30 23:42:46 vagrant cloud-init[711]: ci-info: +-------+-------------+----------+-----------------+-----------+-------+
Dec 30 23:42:46 vagrant cloud-init[711]: ci-info: |   0   |   0.0.0.0   | 10.0.2.2 |     0.0.0.0     |    eth0   |   UG  |
Dec 30 23:42:46 vagrant cloud-init[711]: ci-info: |   1   |   10.0.2.0  | 0.0.0.0  |  255.255.255.0  |    eth0   |   U   |
Dec 30 23:42:46 vagrant cloud-init[711]: ci-info: |   2   |   10.0.2.2  | 0.0.0.0  | 255.255.255.255 |    eth0   |   UH  |
Dec 30 23:42:46 vagrant cloud-init[711]: ci-info: |   3   |   10.0.2.3  | 0.0.0.0  | 255.255.255.255 |    eth0   |   UH  |
Dec 30 23:42:46 vagrant cloud-init[711]: ci-info: +-------+-------------+----------+-----------------+-----------+-------+
Dec 30 23:42:46 vagrant cloud-init[711]: ci-info: +++++++++++++++++++Route IPv6 info+++++++++++++++++++
Dec 30 23:42:46 vagrant cloud-init[711]: ci-info: +-------+-------------+---------+-----------+-------+
Dec 30 23:42:46 vagrant cloud-init[711]: ci-info: | Route | Destination | Gateway | Interface | Flags |
Dec 30 23:42:46 vagrant cloud-init[711]: ci-info: +-------+-------------+---------+-----------+-------+
Dec 30 23:42:46 vagrant cloud-init[711]: ci-info: |   1   |  fe80::/64  |    ::   |    eth0   |   U   |
Dec 30 23:42:46 vagrant cloud-init[711]: ci-info: |   3   |    local    |    ::   |    eth0   |   U   |
Dec 30 23:42:46 vagrant cloud-init[711]: ci-info: |   4   |  multicast  |    ::   |    eth0   |   U   |
Dec 30 23:42:46 vagrant cloud-init[711]: ci-info: +-------+-------------+---------+-----------+-------+
Dec 30 23:42:46 vagrant systemd[1]: Finished Initial cloud-init job (metadata service crawler).
Dec 30 23:42:46 vagrant systemd[1]: Reached target Cloud-config availability.
Dec 30 23:42:46 vagrant systemd[1]: Reached target Network is Online.
Dec 30 23:42:46 vagrant systemd[1]: Reached target System Initialization.
Dec 30 23:42:46 vagrant systemd[1]: Condition check resulted in Process error reports when automatic reporting is enabled (file watch) being skipped.
Dec 30 23:42:46 vagrant systemd[1]: Condition check resulted in Process error reports when automatic reporting is enabled (timer based) being skipped.
Dec 30 23:42:46 vagrant systemd[1]: Started Daily dpkg database backup timer.
Dec 30 23:42:46 vagrant systemd[1]: Started Periodic ext4 Online Metadata Check for All Filesystems.
Dec 30 23:42:46 vagrant systemd[1]: Started Discard unused blocks once a week.
Dec 30 23:42:46 vagrant systemd[1]: Started Refresh fwupd metadata regularly.
Dec 30 23:42:46 vagrant systemd[1]: Started Daily rotation of log files.
Dec 30 23:42:46 vagrant systemd[1]: Started Daily man-db regeneration.
Dec 30 23:42:46 vagrant systemd[1]: Started Message of the Day.
Dec 30 23:42:46 vagrant systemd[1]: Condition check resulted in Timer to automatically fetch and run repair assertions being skipped.
Dec 30 23:42:46 vagrant systemd[1]: Started Daily Cleanup of Temporary Directories.
Dec 30 23:42:46 vagrant systemd[1]: Condition check resulted in Ubuntu Pro Timer for running repeated jobs being skipped.
Dec 30 23:42:46 vagrant systemd[1]: Reached target Path Units.
Dec 30 23:42:46 vagrant systemd[1]: Reached target Timer Units.
Dec 30 23:42:46 vagrant systemd[1]: Condition check resulted in Unix socket for apport crash forwarding being skipped.
Dec 30 23:42:46 vagrant systemd[1]: Listening on cloud-init hotplug hook socket.
Dec 30 23:42:46 vagrant systemd[1]: Listening on D-Bus System Message Bus Socket.
Dec 30 23:42:46 vagrant systemd[1]: Listening on Open-iSCSI iscsid Socket.
Dec 30 23:42:46 vagrant systemd[1]: Listening on Socket unix for snap application lxd.daemon.
Dec 30 23:42:46 vagrant systemd[1]: Listening on Socket unix for snap application lxd.user-daemon.
Dec 30 23:42:46 vagrant systemd[1]: Starting Socket activation for snappy daemon...
Dec 30 23:42:46 vagrant systemd[1]: Listening on UUID daemon activation socket.
Dec 30 23:42:46 vagrant systemd[1]: Condition check resulted in Login to default iSCSI targets being skipped.
Dec 30 23:42:46 vagrant systemd[1]: Reached target Preparation for Remote File Systems.
Dec 30 23:42:46 vagrant systemd[1]: Reached target Remote File Systems.
Dec 30 23:42:46 vagrant systemd[1]: Finished Availability of block devices.
Dec 30 23:42:46 vagrant systemd[1]: Starting Notify NFS peers of a restart...
Dec 30 23:42:46 vagrant systemd[1]: Listening on Socket activation for snappy daemon.
Dec 30 23:42:46 vagrant systemd[1]: Reached target Socket Units.
Dec 30 23:42:46 vagrant sm-notify[716]: Version 2.6.1 starting
Dec 30 23:42:46 vagrant systemd[1]: Reached target Basic System.
Dec 30 23:42:46 vagrant systemd[1]: Starting LSB: automatic crash report generation...
Dec 30 23:42:46 vagrant systemd[1]: Started Regular background program processing daemon.
Dec 30 23:42:46 vagrant systemd[1]: Started D-Bus System Message Bus.
Dec 30 23:42:46 vagrant cron[718]: (CRON) INFO (pidfile fd = 3)
Dec 30 23:42:46 vagrant cron[718]: (CRON) INFO (Running @reboot jobs)
Dec 30 23:42:46 vagrant systemd[1]: Started Save initial kernel messages after boot.
Dec 30 23:42:46 vagrant systemd[1]: Starting Remove Stale Online ext4 Metadata Check Snapshots...
Dec 30 23:42:46 vagrant systemd[1]: Condition check resulted in getty on tty2-tty6 if dbus and logind are not available being skipped.
Dec 30 23:42:46 vagrant systemd[1]: Starting Record successful boot for GRUB...
Dec 30 23:42:46 vagrant systemd[1]: Started irqbalance daemon.
Dec 30 23:42:46 vagrant systemd[1]: Starting Dispatcher daemon for systemd-networkd...
Dec 30 23:42:46 vagrant dbus-daemon[720]: dbus[720]: Unknown group "power" in message bus configuration file
Dec 30 23:42:46 vagrant systemd[1]: Started ntp-systemd-netif.service.
Dec 30 23:42:46 vagrant systemd[1]: Starting Network Time Service...
Dec 30 23:42:46 vagrant systemd[1]: Starting Authorization Manager...
Dec 30 23:42:46 vagrant systemd[1]: Starting Pollinate to seed the pseudo random number generator...
Dec 30 23:42:46 vagrant dbus-daemon[720]: [system] AppArmor D-Bus mediation is enabled
Dec 30 23:42:46 vagrant systemd[1]: Starting System Logging Service...
Dec 30 23:42:46 vagrant systemd[1]: Condition check resulted in Secure Boot updates for DB and DBX being skipped.
Dec 30 23:42:46 vagrant systemd[1]: Starting Service for snap application lxd.activate...
Dec 30 23:42:46 vagrant systemd[1]: Condition check resulted in Userspace listener for prompt events being skipped.
Dec 30 23:42:46 vagrant systemd[1]: Condition check resulted in Automatically repair incorrect owner/permissions on core devices being skipped.
Dec 30 23:42:46 vagrant systemd[1]: Condition check resulted in Wait for the Ubuntu Core chooser trigger being skipped.
Dec 30 23:42:46 vagrant systemd[1]: Reached target Preparation for Logins.
Dec 30 23:42:46 vagrant ntpd[729]: ntpd 4.2.8p15@1.3728-o Wed Feb 16 17:13:02 UTC 2022 (1): Starting
Dec 30 23:42:46 vagrant systemd[1]: Starting Snap Daemon...
Dec 30 23:42:46 vagrant ntpd[729]: Command line: /usr/sbin/ntpd -p /var/run/ntpd.pid -g -u 115:120
Dec 30 23:42:46 vagrant ntpd[729]: ----------------------------------------------------
Dec 30 23:42:46 vagrant ntpd[729]: ntp-4 is maintained by Network Time Foundation,
Dec 30 23:42:46 vagrant ntpd[729]: Inc. (NTF), a non-profit 501(c)(3) public-benefit
Dec 30 23:42:46 vagrant ntpd[729]: corporation.  Support and training for ntp-4 are
Dec 30 23:42:46 vagrant ntpd[729]: available at https://www.nwtime.org/support
Dec 30 23:42:46 vagrant ntpd[729]: ----------------------------------------------------
Dec 30 23:42:46 vagrant systemd[1]: Starting User Login Management...
Dec 30 23:42:46 vagrant systemd[1]: Starting Permit User Sessions...
Dec 30 23:42:46 vagrant systemd[1]: Condition check resulted in Thermal Daemon Service being skipped.
Dec 30 23:42:46 vagrant systemd[1]: Condition check resulted in Ubuntu Pro reboot cmds being skipped.
Dec 30 23:42:46 vagrant systemd[1]: Starting Disk Manager...
Dec 30 23:42:46 vagrant systemd[1]: Starting vboxadd.service...
Dec 30 23:42:46 vagrant systemd[1]: Started Notify NFS peers of a restart.
Dec 30 23:42:46 vagrant ntpd[743]: proto: precision = 0.069 usec (-24)
Dec 30 23:42:46 vagrant systemd[1]: e2scrub_reap.service: Deactivated successfully.
Dec 30 23:42:46 vagrant systemd[1]: Finished Remove Stale Online ext4 Metadata Check Snapshots.
Dec 30 23:42:46 vagrant systemd[1]: ntp-systemd-netif.service: Deactivated successfully.
Dec 30 23:42:46 vagrant systemd[1]: Finished Permit User Sessions.
Dec 30 23:42:46 vagrant udisksd[746]: udisks daemon version 2.9.4 starting
Dec 30 23:42:46 vagrant rsyslogd: imuxsock: Acquired UNIX socket '/run/systemd/journal/syslog' (fd 3) from systemd.  [v8.2112.0]
Dec 30 23:42:46 vagrant rsyslogd: rsyslogd's groupid changed to 113
Dec 30 23:42:46 vagrant rsyslogd: rsyslogd's userid changed to 107
Dec 30 23:42:46 vagrant rsyslogd: [origin software="rsyslogd" swVersion="8.2112.0" x-pid="738" x-info="https://www.rsyslog.com"] start
Dec 30 23:42:46 vagrant ntpd[743]: basedate set to 2022-02-04
Dec 30 23:42:46 vagrant ntpd[743]: gps base set to 2022-02-06 (week 2196)
Dec 30 23:42:46 vagrant polkitd[732]: started daemon version 0.105 using authority implementation `local' version `0.105'
Dec 30 23:42:46 vagrant kernel: [    0.000000] Linux version 5.15.0-91-generic (buildd@lcy02-amd64-045) (gcc (Ubuntu 11.4.0-1ubuntu1~22.04) 11.4.0, GNU ld (GNU Binutils for Ubuntu) 2.38) #101-Ubuntu SMP Tue Nov 14 13:30:08 UTC 2023 (Ubuntu 5.15.0-91.101-generic 5.15.131)
Dec 30 23:42:46 vagrant kernel: [    0.000000] Command line: BOOT_IMAGE=/vmlinuz-5.15.0-91-generic root=/dev/mapper/ubuntu--vg-ubuntu--lv ro net.ifnames=0 biosdevname=0
Dec 30 23:42:46 vagrant kernel: [    0.000000] KERNEL supported cpus:
Dec 30 23:42:46 vagrant kernel: [    0.000000]   Intel GenuineIntel
Dec 30 23:42:46 vagrant kernel: [    0.000000]   AMD AuthenticAMD
Dec 30 23:42:46 vagrant kernel: [    0.000000]   Hygon HygonGenuine
Dec 30 23:42:46 vagrant kernel: [    0.000000]   Centaur CentaurHauls
Dec 30 23:42:46 vagrant kernel: [    0.000000]   zhaoxin   Shanghai  
Dec 30 23:42:46 vagrant kernel: [    0.000000] BIOS-provided physical RAM map:
Dec 30 23:42:46 vagrant kernel: [    0.000000] BIOS-e820: [mem 0x0000000000000000-0x000000000009ffff] usable
Dec 30 23:42:46 vagrant kernel: [    0.000000] BIOS-e820: [mem 0x0000000000100000-0x00000000ddd5efff] usable
Dec 30 23:42:46 vagrant kernel: [    0.000000] BIOS-e820: [mem 0x00000000ddd5f000-0x00000000ddd5ffff] ACPI data
Dec 30 23:42:46 vagrant kernel: [    0.000000] BIOS-e820: [mem 0x00000000ddd60000-0x00000000dde90fff] usable
Dec 30 23:42:46 vagrant kernel: [    0.000000] BIOS-e820: [mem 0x00000000dde91000-0x00000000ddf1afff] reserved
Dec 30 23:42:46 vagrant kernel: [    0.000000] BIOS-e820: [mem 0x00000000ddf1b000-0x00000000def9afff] usable
Dec 30 23:42:46 vagrant kernel: [    0.000000] BIOS-e820: [mem 0x00000000def9b000-0x00000000deff2fff] reserved
Dec 30 23:42:46 vagrant kernel: [    0.000000] BIOS-e820: [mem 0x00000000deff3000-0x00000000deffafff] ACPI data
Dec 30 23:42:46 vagrant kernel: [    0.000000] BIOS-e820: [mem 0x00000000deffb000-0x00000000deffefff] ACPI NVS
Dec 30 23:42:46 vagrant kernel: [    0.000000] BIOS-e820: [mem 0x00000000defff000-0x00000000df46afff] usable
Dec 30 23:42:46 vagrant kernel: [    0.000000] BIOS-e820: [mem 0x00000000df46b000-0x00000000dffeffff] reserved
Dec 30 23:42:46 vagrant kernel: [    0.000000] BIOS-e820: [mem 0x00000000ffc00000-0x00000000ffffffff] reserved
Dec 30 23:42:46 vagrant kernel: [    0.000000] BIOS-e820: [mem 0x0000000100000000-0x000000021fffffff] usable
Dec 30 23:42:46 vagrant kernel: [    0.000000] NX (Execute Disable) protection: active
Dec 30 23:42:46 vagrant kernel: [    0.000000] efi: EFI v2.70 by EDK II
Dec 30 23:42:46 vagrant kernel: [    0.000000] efi: ACPI=0xdeffa000 ACPI 2.0=0xdeffa014 SMBIOS=0xdeffd000 MOKvar=0xdefe8000 
Dec 30 23:42:46 vagrant kernel: [    0.000000] secureboot: Secure boot disabled
Dec 30 23:42:46 vagrant kernel: [    0.000000] SMBIOS 2.5 present.
Dec 30 23:42:46 vagrant kernel: [    0.000000] DMI: innotek GmbH VirtualBox/VirtualBox, BIOS VirtualBox 12/01/2006
Dec 30 23:42:46 vagrant kernel: [    0.000000] Hypervisor detected: KVM
Dec 30 23:42:46 vagrant kernel: [    0.000000] kvm-clock: Using msrs 4b564d01 and 4b564d00
Dec 30 23:42:46 vagrant kernel: [    0.000000] kvm-clock: cpu 0, msr 197601001, primary cpu clock
Dec 30 23:42:46 vagrant kernel: [    0.000001] kvm-clock: using sched offset of 2719854586 cycles
Dec 30 23:42:46 vagrant kernel: [    0.000003] clocksource: kvm-clock: mask: 0xffffffffffffffff max_cycles: 0x1cd42e4dffb, max_idle_ns: 881590591483 ns
Dec 30 23:42:46 vagrant kernel: [    0.000006] tsc: Detected 3491.858 MHz processor
Dec 30 23:42:46 vagrant kernel: [    0.000700] e820: update [mem 0x00000000-0x00000fff] usable ==> reserved
Dec 30 23:42:46 vagrant kernel: [    0.000703] e820: remove [mem 0x000a0000-0x000fffff] usable
Dec 30 23:42:46 vagrant kernel: [    0.000709] last_pfn = 0x220000 max_arch_pfn = 0x400000000
Dec 30 23:42:46 vagrant kernel: [    0.000720] Disabled
Dec 30 23:42:46 vagrant kernel: [    0.000721] x86/PAT: MTRRs disabled, skipping PAT initialization too.
Dec 30 23:42:46 vagrant kernel: [    0.000723] CPU MTRRs all blank - virtualized system.
Dec 30 23:42:46 vagrant kernel: [    0.000726] x86/PAT: Configuration [0-7]: WB  WT  UC- UC  WB  WT  UC- UC  
Dec 30 23:42:46 vagrant kernel: [    0.000729] last_pfn = 0xdf46b max_arch_pfn = 0x400000000
Dec 30 23:42:46 vagrant kernel: [    0.000789] found SMP MP-table at [mem 0x0009fff0-0x0009ffff]
Dec 30 23:42:46 vagrant kernel: [    0.002001] secureboot: Secure boot disabled
Dec 30 23:42:46 vagrant kernel: [    0.002004] RAMDISK: [mem 0xd5665000-0xdbfbdfff]
Dec 30 23:42:46 vagrant kernel: [    0.002010] ACPI: Early table checksum verification disabled
Dec 30 23:42:46 vagrant kernel: [    0.002014] ACPI: RSDP 0x00000000DEFFA014 000024 (v02 VBOX  )
Dec 30 23:42:46 vagrant kernel: [    0.002019] ACPI: XSDT 0x00000000DEFF90E8 000044 (v01 VBOX   VBOXFACP 00000001      01000013)
Dec 30 23:42:46 vagrant kernel: [    0.002025] ACPI: FACP 0x00000000DEFF7000 0000F4 (v04 VBOX   VBOXFACP 00000001 ASL  00000061)
Dec 30 23:42:46 vagrant kernel: [    0.002031] ACPI: DSDT 0x00000000DEFF4000 002325 (v02 VBOX   VBOXBIOS 00000002 INTL 20190509)
Dec 30 23:42:46 vagrant kernel: [    0.002035] ACPI: FACS 0x00000000DEFFE000 000040
Dec 30 23:42:46 vagrant kernel: [    0.002039] ACPI: APIC 0x00000000DEFF8000 00006C (v02 VBOX   VBOXAPIC 00000001 ASL  00000061)
Dec 30 23:42:46 vagrant kernel: [    0.002043] ACPI: SSDT 0x00000000DEFF3000 0001CC (v01 VBOX   VBOXCPUT 00000002 INTL 20190509)
Dec 30 23:42:46 vagrant kernel: [    0.002047] ACPI: BGRT 0x00000000DDD5F000 000038 (v01 INTEL  EDK2     00000002      01000013)
Dec 30 23:42:46 vagrant kernel: [    0.002050] ACPI: Reserving FACP table memory at [mem 0xdeff7000-0xdeff70f3]
Dec 30 23:42:46 vagrant kernel: [    0.002052] ACPI: Reserving DSDT table memory at [mem 0xdeff4000-0xdeff6324]
Dec 30 23:42:46 vagrant kernel: [    0.002053] ACPI: Reserving FACS table memory at [mem 0xdeffe000-0xdeffe03f]
Dec 30 23:42:46 vagrant kernel: [    0.002054] ACPI: Reserving APIC table memory at [mem 0xdeff8000-0xdeff806b]
Dec 30 23:42:46 vagrant kernel: [    0.002055] ACPI: Reserving SSDT table memory at [mem 0xdeff3000-0xdeff31cb]
Dec 30 23:42:46 vagrant kernel: [    0.002056] ACPI: Reserving BGRT table memory at [mem 0xddd5f000-0xddd5f037]
Dec 30 23:42:46 vagrant kernel: [    0.002261] No NUMA configuration found
Dec 30 23:42:46 vagrant kernel: [    0.002264] Faking a node at [mem 0x0000000000000000-0x000000021fffffff]
Dec 30 23:42:46 vagrant kernel: [    0.002273] NODE_DATA(0) allocated [mem 0x21ffd2000-0x21fffbfff]
Dec 30 23:42:46 vagrant kernel: [    0.002609] Zone ranges:
Dec 30 23:42:46 vagrant kernel: [    0.002610]   DMA      [mem 0x0000000000001000-0x0000000000ffffff]
Dec 30 23:42:46 vagrant kernel: [    0.002613]   DMA32    [mem 0x0000000001000000-0x00000000ffffffff]
Dec 30 23:42:46 vagrant kernel: [    0.002615]   Normal   [mem 0x0000000100000000-0x000000021fffffff]
Dec 30 23:42:46 vagrant kernel: [    0.002617]   Device   empty
Dec 30 23:42:46 vagrant kernel: [    0.002618] Movable zone start for each node
Dec 30 23:42:46 vagrant kernel: [    0.002621] Early memory node ranges
Dec 30 23:42:46 vagrant kernel: [    0.002621]   node   0: [mem 0x0000000000001000-0x000000000009ffff]
Dec 30 23:42:46 vagrant kernel: [    0.002623]   node   0: [mem 0x0000000000100000-0x00000000ddd5efff]
Dec 30 23:42:46 vagrant kernel: [    0.002625]   node   0: [mem 0x00000000ddd60000-0x00000000dde90fff]
Dec 30 23:42:46 vagrant kernel: [    0.002626]   node   0: [mem 0x00000000ddf1b000-0x00000000def9afff]
Dec 30 23:42:46 vagrant kernel: [    0.002627]   node   0: [mem 0x00000000defff000-0x00000000df46afff]
Dec 30 23:42:46 vagrant kernel: [    0.002628]   node   0: [mem 0x0000000100000000-0x000000021fffffff]
Dec 30 23:42:46 vagrant kernel: [    0.002630] Initmem setup node 0 [mem 0x0000000000001000-0x000000021fffffff]
Dec 30 23:42:46 vagrant kernel: [    0.003123] On node 0, zone DMA: 1 pages in unavailable ranges
Dec 30 23:42:46 vagrant kernel: [    0.003154] On node 0, zone DMA: 96 pages in unavailable ranges
Dec 30 23:42:46 vagrant kernel: [    0.021207] On node 0, zone DMA32: 1 pages in unavailable ranges
Dec 30 23:42:46 vagrant kernel: [    0.021244] On node 0, zone DMA32: 138 pages in unavailable ranges
Dec 30 23:42:46 vagrant kernel: [    0.021253] On node 0, zone DMA32: 100 pages in unavailable ranges
Dec 30 23:42:46 vagrant kernel: [    0.045027] On node 0, zone Normal: 2965 pages in unavailable ranges
Dec 30 23:42:46 vagrant kernel: [    0.045288] ACPI: PM-Timer IO Port: 0xb008
Dec 30 23:42:46 vagrant kernel: [    0.045349] IOAPIC[0]: apic_id 4, version 32, address 0xfec00000, GSI 0-23
Dec 30 23:42:46 vagrant kernel: [    0.045353] ACPI: INT_SRC_OVR (bus 0 bus_irq 0 global_irq 2 dfl dfl)
Dec 30 23:42:46 vagrant kernel: [    0.045355] ACPI: INT_SRC_OVR (bus 0 bus_irq 9 global_irq 9 low level)
Dec 30 23:42:46 vagrant kernel: [    0.045359] ACPI: Using ACPI (MADT) for SMP configuration information
Dec 30 23:42:46 vagrant kernel: [    0.045368] e820: update [mem 0xde618000-0xde632fff] usable ==> reserved
Dec 30 23:42:46 vagrant kernel: [    0.045383] smpboot: Allowing 4 CPUs, 0 hotplug CPUs
Dec 30 23:42:46 vagrant kernel: [    0.045404] PM: hibernation: Registered nosave memory: [mem 0x00000000-0x00000fff]
Dec 30 23:42:46 vagrant kernel: [    0.045406] PM: hibernation: Registered nosave memory: [mem 0x000a0000-0x000fffff]
Dec 30 23:42:46 vagrant kernel: [    0.045408] PM: hibernation: Registered nosave memory: [mem 0xddd5f000-0xddd5ffff]
Dec 30 23:42:46 vagrant kernel: [    0.045409] PM: hibernation: Registered nosave memory: [mem 0xdde91000-0xddf1afff]
Dec 30 23:42:46 vagrant kernel: [    0.045411] PM: hibernation: Registered nosave memory: [mem 0xde618000-0xde632fff]
Dec 30 23:42:46 vagrant kernel: [    0.045412] PM: hibernation: Registered nosave memory: [mem 0xdef9b000-0xdeff2fff]
Dec 30 23:42:46 vagrant kernel: [    0.045413] PM: hibernation: Registered nosave memory: [mem 0xdeff3000-0xdeffafff]
Dec 30 23:42:46 vagrant kernel: [    0.045414] PM: hibernation: Registered nosave memory: [mem 0xdeffb000-0xdeffefff]
Dec 30 23:42:46 vagrant kernel: [    0.045416] PM: hibernation: Registered nosave memory: [mem 0xdf46b000-0xdffeffff]
Dec 30 23:42:46 vagrant kernel: [    0.045417] PM: hibernation: Registered nosave memory: [mem 0xdfff0000-0xffbfffff]
Dec 30 23:42:46 vagrant kernel: [    0.045418] PM: hibernation: Registered nosave memory: [mem 0xffc00000-0xffffffff]
Dec 30 23:42:46 vagrant kernel: [    0.045419] [mem 0xdfff0000-0xffbfffff] available for PCI devices
Dec 30 23:42:46 vagrant kernel: [    0.045421] Booting paravirtualized kernel on KVM
Dec 30 23:42:46 vagrant kernel: [    0.045424] clocksource: refined-jiffies: mask: 0xffffffff max_cycles: 0xffffffff, max_idle_ns: 7645519600211568 ns
Dec 30 23:42:46 vagrant kernel: [    0.045431] setup_percpu: NR_CPUS:8192 nr_cpumask_bits:4 nr_cpu_ids:4 nr_node_ids:1
Dec 30 23:42:46 vagrant kernel: [    0.046016] percpu: Embedded 61 pages/cpu s212992 r8192 d28672 u524288
Dec 30 23:42:46 vagrant kernel: [    0.046023] pcpu-alloc: s212992 r8192 d28672 u524288 alloc=1*2097152
Dec 30 23:42:46 vagrant kernel: [    0.046025] pcpu-alloc: [0] 0 1 2 3 
Dec 30 23:42:46 vagrant kernel: [    0.046049] kvm-guest: PV spinlocks enabled
Dec 30 23:42:46 vagrant kernel: [    0.046052] PV qspinlock hash table entries: 256 (order: 0, 4096 bytes, linear)
Dec 30 23:42:46 vagrant kernel: [    0.046062] Built 1 zonelists, mobility grouping on.  Total pages: 2060974
Dec 30 23:42:46 vagrant kernel: [    0.046063] Policy zone: Normal
Dec 30 23:42:46 vagrant kernel: [    0.046065] Kernel command line: BOOT_IMAGE=/vmlinuz-5.15.0-91-generic root=/dev/mapper/ubuntu--vg-ubuntu--lv ro net.ifnames=0 biosdevname=0
Dec 30 23:42:46 vagrant kernel: [    0.046123] Unknown kernel command line parameters "BOOT_IMAGE=/vmlinuz-5.15.0-91-generic biosdevname=0", will be passed to user space.
Dec 30 23:42:46 vagrant kernel: [    0.048282] Dentry cache hash table entries: 1048576 (order: 11, 8388608 bytes, linear)
Dec 30 23:42:46 vagrant kernel: [    0.049420] Inode-cache hash table entries: 524288 (order: 10, 4194304 bytes, linear)
Dec 30 23:42:46 vagrant kernel: [    0.049508] mem auto-init: stack:off, heap alloc:on, heap free:off
Dec 30 23:42:46 vagrant kernel: [    0.093917] Memory: 7975904K/8375404K available (16393K kernel code, 4393K rwdata, 10868K rodata, 3356K init, 18716K bss, 399240K reserved, 0K cma-reserved)
Dec 30 23:42:46 vagrant kernel: [    0.094199] SLUB: HWalign=64, Order=0-3, MinObjects=0, CPUs=4, Nodes=1
Dec 30 23:42:46 vagrant kernel: [    0.094214] Kernel/User page tables isolation: enabled
Dec 30 23:42:46 vagrant kernel: [    0.094245] ftrace: allocating 50637 entries in 198 pages
Dec 30 23:42:46 vagrant kernel: [    0.113898] ftrace: allocated 198 pages with 4 groups
Dec 30 23:42:46 vagrant kernel: [    0.114590] rcu: Hierarchical RCU implementation.
Dec 30 23:42:46 vagrant kernel: [    0.114593] rcu: 	RCU restricting CPUs from NR_CPUS=8192 to nr_cpu_ids=4.
Dec 30 23:42:46 vagrant kernel: [    0.114594] 	Rude variant of Tasks RCU enabled.
Dec 30 23:42:46 vagrant kernel: [    0.114595] 	Tracing variant of Tasks RCU enabled.
Dec 30 23:42:46 vagrant kernel: [    0.114596] rcu: RCU calculated value of scheduler-enlistment delay is 25 jiffies.
Dec 30 23:42:46 vagrant kernel: [    0.114597] rcu: Adjusting geometry for rcu_fanout_leaf=16, nr_cpu_ids=4
Dec 30 23:42:46 vagrant kernel: [    0.118092] NR_IRQS: 524544, nr_irqs: 456, preallocated irqs: 16
Dec 30 23:42:46 vagrant kernel: [    0.118379] random: crng init done
Dec 30 23:42:46 vagrant kernel: [    0.118404] Console: colour dummy device 80x25
Dec 30 23:42:46 vagrant kernel: [    0.118550] printk: console [tty0] enabled
Dec 30 23:42:46 vagrant kernel: [    0.118568] ACPI: Core revision 20210730
Dec 30 23:42:46 vagrant kernel: [    0.119133] APIC: Switch to symmetric I/O mode setup
Dec 30 23:42:46 vagrant kernel: [    0.119331] x2apic enabled
Dec 30 23:42:46 vagrant kernel: [    0.119510] Switched APIC routing to physical x2apic.
Dec 30 23:42:46 vagrant kernel: [    0.120409] ..TIMER: vector=0x30 apic1=0 pin1=2 apic2=-1 pin2=-1
Dec 30 23:42:46 vagrant kernel: [    0.120429] clocksource: tsc-early: mask: 0xffffffffffffffff max_cycles: 0x325545b80bf, max_idle_ns: 440795270847 ns
Dec 30 23:42:46 vagrant kernel: [    0.120438] Calibrating delay loop (skipped) preset value.. 6983.71 BogoMIPS (lpj=13967432)
Dec 30 23:42:46 vagrant kernel: [    0.120548] Last level iTLB entries: 4KB 64, 2MB 8, 4MB 8
Dec 30 23:42:46 vagrant kernel: [    0.120551] Last level dTLB entries: 4KB 64, 2MB 0, 4MB 0, 1GB 4
Dec 30 23:42:46 vagrant kernel: [    0.120555] Spectre V1 : Mitigation: usercopy/swapgs barriers and __user pointer sanitization
Dec 30 23:42:46 vagrant kernel: [    0.120558] Spectre V2 : Mitigation: Retpolines
Dec 30 23:42:46 vagrant kernel: [    0.120560] Spectre V2 : Spectre v2 / SpectreRSB mitigation: Filling RSB on context switch
Dec 30 23:42:46 vagrant kernel: [    0.120562] Spectre V2 : Spectre v2 / SpectreRSB : Filling RSB on VMEXIT
Dec 30 23:42:46 vagrant kernel: [    0.120564] Speculative Store Bypass: Vulnerable
Dec 30 23:42:46 vagrant kernel: [    0.120569] MDS: Mitigation: Clear CPU buffers
Dec 30 23:42:46 vagrant kernel: [    0.120571] MMIO Stale Data: Mitigation: Clear CPU buffers
Dec 30 23:42:46 vagrant kernel: [    0.120594] x86/fpu: Supporting XSAVE feature 0x001: 'x87 floating point registers'
Dec 30 23:42:46 vagrant kernel: [    0.120597] x86/fpu: Supporting XSAVE feature 0x002: 'SSE registers'
Dec 30 23:42:46 vagrant kernel: [    0.120598] x86/fpu: Supporting XSAVE feature 0x004: 'AVX registers'
Dec 30 23:42:46 vagrant kernel: [    0.120601] x86/fpu: xstate_offset[2]:  576, xstate_sizes[2]:  256
Dec 30 23:42:46 vagrant kernel: [    0.120604] x86/fpu: Enabled xstate features 0x7, context size is 832 bytes, using 'standard' format.
Dec 30 23:42:46 vagrant kernel: [    0.137852] Freeing SMP alternatives memory: 44K
Dec 30 23:42:46 vagrant kernel: [    0.137859] pid_max: default: 32768 minimum: 301
Dec 30 23:42:46 vagrant kernel: [    0.138950] LSM: Security Framework initializing
Dec 30 23:42:46 vagrant kernel: [    0.138962] landlock: Up and running.
Dec 30 23:42:46 vagrant kernel: [    0.138964] Yama: becoming mindful.
Dec 30 23:42:46 vagrant kernel: [    0.138984] AppArmor: AppArmor initialized
Dec 30 23:42:46 vagrant kernel: [    0.139021] Mount-cache hash table entries: 16384 (order: 5, 131072 bytes, linear)
Dec 30 23:42:46 vagrant kernel: [    0.139034] Mountpoint-cache hash table entries: 16384 (order: 5, 131072 bytes, linear)
Dec 30 23:42:46 vagrant kernel: [    0.247267] smpboot: CPU0: Intel(R) Xeon(R) CPU E5-1620 v4 @ 3.50GHz (family: 0x6, model: 0x4f, stepping: 0x1)
Dec 30 23:42:46 vagrant kernel: [    0.247403] Performance Events: unsupported p6 CPU model 79 no PMU driver, software events only.
Dec 30 23:42:46 vagrant kernel: [    0.247418] signal: max sigframe size: 1776
Dec 30 23:42:46 vagrant kernel: [    0.247437] rcu: Hierarchical SRCU implementation.
Dec 30 23:42:46 vagrant kernel: [    0.247800] NMI watchdog: Perf NMI watchdog permanently disabled
Dec 30 23:42:46 vagrant kernel: [    0.247860] smp: Bringing up secondary CPUs ...
Dec 30 23:42:46 vagrant kernel: [    0.247939] x86: Booting SMP configuration:
Dec 30 23:42:46 vagrant kernel: [    0.247941] .... node  #0, CPUs:      #1
Dec 30 23:42:46 vagrant kernel: [    0.006063] kvm-clock: cpu 1, msr 197601041, secondary cpu clock
Dec 30 23:42:46 vagrant kernel: [    0.248435]  #2
Dec 30 23:42:46 vagrant kernel: [    0.006063] kvm-clock: cpu 2, msr 197601081, secondary cpu clock
Dec 30 23:42:46 vagrant kernel: [    0.250449]  #3
Dec 30 23:42:46 vagrant kernel: [    0.006063] kvm-clock: cpu 3, msr 1976010c1, secondary cpu clock
Dec 30 23:42:46 vagrant kernel: [    0.252496] smp: Brought up 1 node, 4 CPUs
Dec 30 23:42:46 vagrant kernel: [    0.252503] smpboot: Max logical packages: 1
Dec 30 23:42:46 vagrant kernel: [    0.252504] smpboot: Total of 4 processors activated (27934.86 BogoMIPS)
Dec 30 23:42:46 vagrant kernel: [    0.253166] devtmpfs: initialized
Dec 30 23:42:46 vagrant kernel: [    0.253166] x86/mm: Memory block size: 128MB
Dec 30 23:42:46 vagrant kernel: [    0.253166] ACPI: PM: Registering ACPI NVS region [mem 0xdeffb000-0xdeffefff] (16384 bytes)
Dec 30 23:42:46 vagrant kernel: [    0.253166] clocksource: jiffies: mask: 0xffffffff max_cycles: 0xffffffff, max_idle_ns: 7645041785100000 ns
Dec 30 23:42:46 vagrant kernel: [    0.253166] futex hash table entries: 1024 (order: 4, 65536 bytes, linear)
Dec 30 23:42:46 vagrant kernel: [    0.253166] pinctrl core: initialized pinctrl subsystem
Dec 30 23:42:46 vagrant kernel: [    0.253166] PM: RTC time: 23:42:38, date: 2023-12-30
Dec 30 23:42:46 vagrant kernel: [    0.253166] NET: Registered PF_NETLINK/PF_ROUTE protocol family
Dec 30 23:42:46 vagrant kernel: [    0.253451] DMA: preallocated 1024 KiB GFP_KERNEL pool for atomic allocations
Dec 30 23:42:46 vagrant kernel: [    0.253571] DMA: preallocated 1024 KiB GFP_KERNEL|GFP_DMA pool for atomic allocations
Dec 30 23:42:46 vagrant kernel: [    0.253659] DMA: preallocated 1024 KiB GFP_KERNEL|GFP_DMA32 pool for atomic allocations
Dec 30 23:42:46 vagrant kernel: [    0.253670] audit: initializing netlink subsys (disabled)
Dec 30 23:42:46 vagrant kernel: [    0.253704] audit: type=2000 audit(1703972563.192:1): state=initialized audit_enabled=0 res=1
Dec 30 23:42:46 vagrant kernel: [    0.253704] thermal_sys: Registered thermal governor 'fair_share'
Dec 30 23:42:46 vagrant kernel: [    0.253704] thermal_sys: Registered thermal governor 'bang_bang'
Dec 30 23:42:46 vagrant kernel: [    0.253704] thermal_sys: Registered thermal governor 'step_wise'
Dec 30 23:42:46 vagrant kernel: [    0.253704] thermal_sys: Registered thermal governor 'user_space'
Dec 30 23:42:46 vagrant kernel: [    0.253704] thermal_sys: Registered thermal governor 'power_allocator'
Dec 30 23:42:46 vagrant kernel: [    0.253704] EISA bus registered
Dec 30 23:42:46 vagrant kernel: [    0.253704] cpuidle: using governor ladder
Dec 30 23:42:46 vagrant kernel: [    0.253704] cpuidle: using governor menu
Dec 30 23:42:46 vagrant kernel: [    0.253704] ACPI: bus type PCI registered
Dec 30 23:42:46 vagrant kernel: [    0.253704] acpiphp: ACPI Hot Plug PCI Controller Driver version: 0.5
Dec 30 23:42:46 vagrant kernel: [    0.253704] PCI: Using configuration type 1 for base access
Dec 30 23:42:46 vagrant kernel: [    0.257110] kprobes: kprobe jump-optimization is enabled. All kprobes are optimized if possible.
Dec 30 23:42:46 vagrant kernel: [    0.257137] HugeTLB registered 2.00 MiB page size, pre-allocated 0 pages
Dec 30 23:42:46 vagrant kernel: [    0.260503] fbcon: Taking over console
Dec 30 23:42:46 vagrant kernel: [    0.260520] ACPI: Added _OSI(Module Device)
Dec 30 23:42:46 vagrant kernel: [    0.260523] ACPI: Added _OSI(Processor Device)
Dec 30 23:42:46 vagrant kernel: [    0.260524] ACPI: Added _OSI(3.0 _SCP Extensions)
Dec 30 23:42:46 vagrant kernel: [    0.260526] ACPI: Added _OSI(Processor Aggregator Device)
Dec 30 23:42:46 vagrant kernel: [    0.260528] ACPI: Added _OSI(Linux-Dell-Video)
Dec 30 23:42:46 vagrant kernel: [    0.260530] ACPI: Added _OSI(Linux-Lenovo-NV-HDMI-Audio)
Dec 30 23:42:46 vagrant kernel: [    0.260531] ACPI: Added _OSI(Linux-HPI-Hybrid-Graphics)
Dec 30 23:42:46 vagrant kernel: [    0.262223] ACPI: 2 ACPI AML tables successfully acquired and loaded
Dec 30 23:42:46 vagrant kernel: [    0.264497] ACPI: Interpreter enabled
Dec 30 23:42:46 vagrant kernel: [    0.264508] ACPI: PM: (supports S0 S5)
Dec 30 23:42:46 vagrant kernel: [    0.264511] ACPI: Using IOAPIC for interrupt routing
Dec 30 23:42:46 vagrant kernel: [    0.264696] PCI: Using host bridge windows from ACPI; if necessary, use "pci=nocrs" and report a bug
Dec 30 23:42:46 vagrant kernel: [    0.264699] PCI: Using E820 reservations for host bridge windows
Dec 30 23:42:46 vagrant kernel: [    0.264793] ACPI: Enabled 2 GPEs in block 00 to 07
Dec 30 23:42:46 vagrant kernel: [    0.268887] ACPI: PCI Root Bridge [PCI0] (domain 0000 [bus 00-ff])
Dec 30 23:42:46 vagrant kernel: [    0.268895] acpi PNP0A03:00: _OSC: OS supports [ASPM ClockPM Segments MSI EDR HPX-Type3]
Dec 30 23:42:46 vagrant kernel: [    0.269293] acpi PNP0A03:00: _OSC: not requesting OS control; OS requires [ExtendedConfig ASPM ClockPM MSI]
Dec 30 23:42:46 vagrant kernel: [    0.269303] acpi PNP0A03:00: fail to add MMCONFIG information, can't access extended PCI configuration space under this bridge.
Dec 30 23:42:46 vagrant kernel: [    0.269591] PCI host bridge to bus 0000:00
Dec 30 23:42:46 vagrant kernel: [    0.269595] pci_bus 0000:00: root bus resource [bus 00-ff]
Dec 30 23:42:46 vagrant kernel: [    0.269597] pci_bus 0000:00: root bus resource [io  0x0000-0x0cf7 window]
Dec 30 23:42:46 vagrant kernel: [    0.269600] pci_bus 0000:00: root bus resource [io  0x0d00-0xffff window]
Dec 30 23:42:46 vagrant kernel: [    0.269602] pci_bus 0000:00: root bus resource [mem 0x000a0000-0x000bffff window]
Dec 30 23:42:46 vagrant kernel: [    0.269604] pci_bus 0000:00: root bus resource [mem 0xe0000000-0xfdffffff window]
Dec 30 23:42:46 vagrant kernel: [    0.269900] pci 0000:00:00.0: [8086:1237] type 00 class 0x060000
Dec 30 23:42:46 vagrant kernel: [    0.270620] pci 0000:00:01.0: [8086:7000] type 00 class 0x060100
Dec 30 23:42:46 vagrant kernel: [    0.271167] pci 0000:00:01.1: [8086:7111] type 00 class 0x01018a
Dec 30 23:42:46 vagrant kernel: [    0.271416] pci 0000:00:01.1: reg 0x20: [io  0xc040-0xc04f]
Dec 30 23:42:46 vagrant kernel: [    0.271521] pci 0000:00:01.1: legacy IDE quirk: reg 0x10: [io  0x01f0-0x01f7]
Dec 30 23:42:46 vagrant kernel: [    0.271523] pci 0000:00:01.1: legacy IDE quirk: reg 0x14: [io  0x03f6]
Dec 30 23:42:46 vagrant kernel: [    0.271525] pci 0000:00:01.1: legacy IDE quirk: reg 0x18: [io  0x0170-0x0177]
Dec 30 23:42:46 vagrant kernel: [    0.271527] pci 0000:00:01.1: legacy IDE quirk: reg 0x1c: [io  0x0376]
Dec 30 23:42:46 vagrant kernel: [    0.272087] pci 0000:00:02.0: [15ad:0405] type 00 class 0x030000
Dec 30 23:42:46 vagrant kernel: [    0.273223] pci 0000:00:02.0: reg 0x10: [io  0xc030-0xc03f]
Dec 30 23:42:46 vagrant kernel: [    0.277215] pci 0000:00:02.0: reg 0x14: [mem 0xe0000000-0xe3ffffff pref]
Dec 30 23:42:46 vagrant kernel: [    0.281211] pci 0000:00:02.0: reg 0x18: [mem 0xe4400000-0xe45fffff]
Dec 30 23:42:46 vagrant kernel: [    0.301208] pci 0000:00:02.0: BAR 1: assigned to efifb
Dec 30 23:42:46 vagrant kernel: [    0.301252] pci 0000:00:02.0: Video device with shadowed ROM at [mem 0x000c0000-0x000dffff]
Dec 30 23:42:46 vagrant kernel: [    0.304456] pci 0000:00:03.0: [8086:100e] type 00 class 0x020000
Dec 30 23:42:46 vagrant kernel: [    0.308309] pci 0000:00:03.0: reg 0x10: [mem 0xe4600000-0xe461ffff]
Dec 30 23:42:46 vagrant kernel: [    0.312544] pci 0000:00:03.0: reg 0x18: [io  0xc060-0xc067]
Dec 30 23:42:46 vagrant kernel: [    0.329366] pci 0000:00:04.0: [80ee:cafe] type 00 class 0x088000
Dec 30 23:42:46 vagrant kernel: [    0.332544] pci 0000:00:04.0: reg 0x10: [io  0xc000-0xc01f]
Dec 30 23:42:46 vagrant kernel: [    0.336509] pci 0000:00:04.0: reg 0x14: [mem 0xe4000000-0xe43fffff]
Dec 30 23:42:46 vagrant kernel: [    0.340506] pci 0000:00:04.0: reg 0x18: [mem 0xe4620000-0xe4623fff pref]
Dec 30 23:42:46 vagrant kernel: [    0.357623] pci 0000:00:07.0: [8086:7113] type 00 class 0x068000
Dec 30 23:42:46 vagrant kernel: [    0.360675] pci 0000:00:07.0: quirk: [io  0xb000-0xb03f] claimed by PIIX4 ACPI
Dec 30 23:42:46 vagrant kernel: [    0.360686] pci 0000:00:07.0: quirk: [io  0x4100-0x410f] claimed by PIIX4 SMB
Dec 30 23:42:46 vagrant kernel: [    0.362372] pci 0000:00:0d.0: [8086:2829] type 00 class 0x010601
Dec 30 23:42:46 vagrant kernel: [    0.364491] pci 0000:00:0d.0: reg 0x10: [io  0xc058-0xc05f]
Dec 30 23:42:46 vagrant kernel: [    0.368466] pci 0000:00:0d.0: reg 0x14: [io  0xc06c-0xc06f]
Dec 30 23:42:46 vagrant kernel: [    0.372466] pci 0000:00:0d.0: reg 0x18: [io  0xc050-0xc057]
Dec 30 23:42:46 vagrant kernel: [    0.376484] pci 0000:00:0d.0: reg 0x1c: [io  0xc068-0xc06b]
Dec 30 23:42:46 vagrant kernel: [    0.380463] pci 0000:00:0d.0: reg 0x20: [io  0xc020-0xc02f]
Dec 30 23:42:46 vagrant kernel: [    0.384507] pci 0000:00:0d.0: reg 0x24: [mem 0xe4624000-0xe4625fff]
Dec 30 23:42:46 vagrant kernel: [    0.395072] ACPI: PCI: Interrupt link LNKA configured for IRQ 11
Dec 30 23:42:46 vagrant kernel: [    0.395324] ACPI: PCI: Interrupt link LNKB configured for IRQ 11
Dec 30 23:42:46 vagrant kernel: [    0.395407] ACPI: PCI: Interrupt link LNKC configured for IRQ 10
Dec 30 23:42:46 vagrant kernel: [    0.395491] ACPI: PCI: Interrupt link LNKD configured for IRQ 10
Dec 30 23:42:46 vagrant kernel: [    0.395741] iommu: Default domain type: Translated 
Dec 30 23:42:46 vagrant kernel: [    0.395741] iommu: DMA domain TLB invalidation policy: lazy mode 
Dec 30 23:42:46 vagrant kernel: [    0.395741] SCSI subsystem initialized
Dec 30 23:42:46 vagrant kernel: [    0.395741] libata version 3.00 loaded.
Dec 30 23:42:46 vagrant kernel: [    0.395741] pci 0000:00:02.0: vgaarb: setting as boot VGA device
Dec 30 23:42:46 vagrant kernel: [    0.395741] pci 0000:00:02.0: vgaarb: VGA device added: decodes=io+mem,owns=io+mem,locks=none
Dec 30 23:42:46 vagrant kernel: [    0.395741] pci 0000:00:02.0: vgaarb: bridge control possible
Dec 30 23:42:46 vagrant kernel: [    0.395741] vgaarb: loaded
Dec 30 23:42:46 vagrant kernel: [    0.395741] ACPI: bus type USB registered
Dec 30 23:42:46 vagrant kernel: [    0.395741] usbcore: registered new interface driver usbfs
Dec 30 23:42:46 vagrant kernel: [    0.395741] usbcore: registered new interface driver hub
Dec 30 23:42:46 vagrant kernel: [    0.395741] usbcore: registered new device driver usb
Dec 30 23:42:46 vagrant kernel: [    0.395741] pps_core: LinuxPPS API ver. 1 registered
Dec 30 23:42:46 vagrant kernel: [    0.395741] pps_core: Software ver. 5.3.6 - Copyright 2005-2007 Rodolfo Giometti <giometti@linux.it>
Dec 30 23:42:46 vagrant kernel: [    0.395741] PTP clock support registered
Dec 30 23:42:46 vagrant kernel: [    0.395741] EDAC MC: Ver: 3.0.0
Dec 30 23:42:46 vagrant kernel: [    0.396469] Registered efivars operations
Dec 30 23:42:46 vagrant kernel: [    0.396603] NetLabel: Initializing
Dec 30 23:42:46 vagrant kernel: [    0.396606] NetLabel:  domain hash size = 128
Dec 30 23:42:46 vagrant kernel: [    0.396607] NetLabel:  protocols = UNLABELED CIPSOv4 CALIPSO
Dec 30 23:42:46 vagrant kernel: [    0.396621] NetLabel:  unlabeled traffic allowed by default
Dec 30 23:42:46 vagrant kernel: [    0.396639] PCI: Using ACPI for IRQ routing
Dec 30 23:42:46 vagrant kernel: [    0.396639] PCI: pci_cache_line_size set to 64 bytes
Dec 30 23:42:46 vagrant kernel: [    0.396639] e820: reserve RAM buffer [mem 0xddd5f000-0xdfffffff]
Dec 30 23:42:46 vagrant kernel: [    0.396639] e820: reserve RAM buffer [mem 0xdde91000-0xdfffffff]
Dec 30 23:42:46 vagrant kernel: [    0.396639] e820: reserve RAM buffer [mem 0xde618000-0xdfffffff]
Dec 30 23:42:46 vagrant kernel: [    0.396639] e820: reserve RAM buffer [mem 0xdef9b000-0xdfffffff]
Dec 30 23:42:46 vagrant kernel: [    0.396639] e820: reserve RAM buffer [mem 0xdf46b000-0xdfffffff]
Dec 30 23:42:46 vagrant kernel: [    0.397717] clocksource: Switched to clocksource kvm-clock
Dec 30 23:42:46 vagrant kernel: [    0.412473] VFS: Disk quotas dquot_6.6.0
Dec 30 23:42:46 vagrant kernel: [    0.412494] VFS: Dquot-cache hash table entries: 512 (order 0, 4096 bytes)
Dec 30 23:42:46 vagrant kernel: [    0.412606] AppArmor: AppArmor Filesystem Enabled
Dec 30 23:42:46 vagrant kernel: [    0.412627] pnp: PnP ACPI init
Dec 30 23:42:46 vagrant kernel: [    0.413339] pnp: PnP ACPI: found 2 devices
Dec 30 23:42:46 vagrant kernel: [    0.420802] clocksource: acpi_pm: mask: 0xffffff max_cycles: 0xffffff, max_idle_ns: 2085701024 ns
Dec 30 23:42:46 vagrant kernel: [    0.420856] NET: Registered PF_INET protocol family
Dec 30 23:42:46 vagrant kernel: [    0.420927] IP idents hash table entries: 131072 (order: 8, 1048576 bytes, linear)
Dec 30 23:42:46 vagrant kernel: [    0.422350] tcp_listen_portaddr_hash hash table entries: 4096 (order: 4, 65536 bytes, linear)
Dec 30 23:42:46 vagrant kernel: [    0.422371] Table-perturb hash table entries: 65536 (order: 6, 262144 bytes, linear)
Dec 30 23:42:46 vagrant kernel: [    0.422396] TCP established hash table entries: 65536 (order: 7, 524288 bytes, linear)
Dec 30 23:42:46 vagrant kernel: [    0.423026] TCP bind hash table entries: 65536 (order: 8, 1048576 bytes, linear)
Dec 30 23:42:46 vagrant kernel: [    0.423089] TCP: Hash tables configured (established 65536 bind 65536)
Dec 30 23:42:46 vagrant kernel: [    0.423203] MPTCP token hash table entries: 8192 (order: 5, 196608 bytes, linear)
Dec 30 23:42:46 vagrant kernel: [    0.423241] UDP hash table entries: 4096 (order: 5, 131072 bytes, linear)
Dec 30 23:42:46 vagrant kernel: [    0.423259] UDP-Lite hash table entries: 4096 (order: 5, 131072 bytes, linear)
Dec 30 23:42:46 vagrant kernel: [    0.423299] NET: Registered PF_UNIX/PF_LOCAL protocol family
Dec 30 23:42:46 vagrant kernel: [    0.423306] NET: Registered PF_XDP protocol family
Dec 30 23:42:46 vagrant kernel: [    0.423320] pci_bus 0000:00: resource 4 [io  0x0000-0x0cf7 window]
Dec 30 23:42:46 vagrant kernel: [    0.423324] pci_bus 0000:00: resource 5 [io  0x0d00-0xffff window]
Dec 30 23:42:46 vagrant kernel: [    0.423326] pci_bus 0000:00: resource 6 [mem 0x000a0000-0x000bffff window]
Dec 30 23:42:46 vagrant kernel: [    0.423329] pci_bus 0000:00: resource 7 [mem 0xe0000000-0xfdffffff window]
Dec 30 23:42:46 vagrant kernel: [    0.423367] pci 0000:00:00.0: Limiting direct PCI/PCI transfers
Dec 30 23:42:46 vagrant kernel: [    0.423378] pci 0000:00:01.0: Activating ISA DMA hang workarounds
Dec 30 23:42:46 vagrant kernel: [    0.423429] PCI: CLS 0 bytes, default 64
Dec 30 23:42:46 vagrant kernel: [    0.423473] Trying to unpack rootfs image as initramfs...
Dec 30 23:42:46 vagrant kernel: [    0.434244] PCI-DMA: Using software bounce buffering for IO (SWIOTLB)
Dec 30 23:42:46 vagrant kernel: [    0.434253] software IO TLB: mapped [mem 0x00000000d1665000-0x00000000d5665000] (64MB)
Dec 30 23:42:46 vagrant kernel: [    0.434301] clocksource: tsc: mask: 0xffffffffffffffff max_cycles: 0x325545b80bf, max_idle_ns: 440795270847 ns
Dec 30 23:42:46 vagrant kernel: [    0.434595] clocksource: Switched to clocksource tsc
Dec 30 23:42:46 vagrant kernel: [    0.434628] platform rtc_cmos: registered platform RTC device (no PNP device found)
Dec 30 23:42:46 vagrant kernel: [    0.435587] Initialise system trusted keyrings
Dec 30 23:42:46 vagrant kernel: [    0.435600] Key type blacklist registered
Dec 30 23:42:46 vagrant kernel: [    0.435663] workingset: timestamp_bits=36 max_order=21 bucket_order=0
Dec 30 23:42:46 vagrant kernel: [    0.436652] zbud: loaded
Dec 30 23:42:46 vagrant kernel: [    0.436856] squashfs: version 4.0 (2009/01/31) Phillip Lougher
Dec 30 23:42:46 vagrant kernel: [    0.437107] fuse: init (API version 7.34)
Dec 30 23:42:46 vagrant kernel: [    0.437343] integrity: Platform Keyring initialized
Dec 30 23:42:46 vagrant kernel: [    0.445728] Key type asymmetric registered
Dec 30 23:42:46 vagrant kernel: [    0.445735] Asymmetric key parser 'x509' registered
Dec 30 23:42:46 vagrant kernel: [    0.445759] Block layer SCSI generic (bsg) driver version 0.4 loaded (major 243)
Dec 30 23:42:46 vagrant kernel: [    0.445819] io scheduler mq-deadline registered
Dec 30 23:42:46 vagrant kernel: [    0.446139] shpchp: Standard Hot Plug PCI Controller Driver version: 0.4
Dec 30 23:42:46 vagrant kernel: [    0.446315] ACPI: AC: AC Adapter [AC] (on-line)
Dec 30 23:42:46 vagrant kernel: [    0.446357] input: Power Button as /devices/LNXSYSTM:00/LNXPWRBN:00/input/input0
Dec 30 23:42:46 vagrant kernel: [    0.446389] ACPI: button: Power Button [PWRF]
Dec 30 23:42:46 vagrant kernel: [    0.446441] input: Sleep Button as /devices/LNXSYSTM:00/LNXSLPBN:00/input/input1
Dec 30 23:42:46 vagrant kernel: [    0.446455] ACPI: button: Sleep Button [SLPF]
Dec 30 23:42:46 vagrant kernel: [    0.446808] Serial: 8250/16550 driver, 32 ports, IRQ sharing enabled
Dec 30 23:42:46 vagrant kernel: [    0.452726] Linux agpgart interface v0.103
Dec 30 23:42:46 vagrant kernel: [    0.456036] loop: module loaded
Dec 30 23:42:46 vagrant kernel: [    0.456168] ata_piix 0000:00:01.1: version 2.13
Dec 30 23:42:46 vagrant kernel: [    0.456657] scsi host0: ata_piix
Dec 30 23:42:46 vagrant kernel: [    0.456824] scsi host1: ata_piix
Dec 30 23:42:46 vagrant kernel: [    0.456850] ata1: PATA max UDMA/33 cmd 0x1f0 ctl 0x3f6 bmdma 0xc040 irq 14
Dec 30 23:42:46 vagrant kernel: [    0.456853] ata2: PATA max UDMA/33 cmd 0x170 ctl 0x376 bmdma 0xc048 irq 15
Dec 30 23:42:46 vagrant kernel: [    0.456969] tun: Universal TUN/TAP device driver, 1.6
Dec 30 23:42:46 vagrant kernel: [    0.456997] PPP generic driver version 2.4.2
Dec 30 23:42:46 vagrant kernel: [    0.457030] VFIO - User Level meta-driver version: 0.3
Dec 30 23:42:46 vagrant kernel: [    0.457120] ehci_hcd: USB 2.0 'Enhanced' Host Controller (EHCI) Driver
Dec 30 23:42:46 vagrant kernel: [    0.457128] ehci-pci: EHCI PCI platform driver
Dec 30 23:42:46 vagrant kernel: [    0.457135] ehci-platform: EHCI generic platform driver
Dec 30 23:42:46 vagrant kernel: [    0.457142] ohci_hcd: USB 1.1 'Open' Host Controller (OHCI) Driver
Dec 30 23:42:46 vagrant kernel: [    0.457145] ohci-pci: OHCI PCI platform driver
Dec 30 23:42:46 vagrant kernel: [    0.457151] ohci-platform: OHCI generic platform driver
Dec 30 23:42:46 vagrant kernel: [    0.457156] uhci_hcd: USB Universal Host Controller Interface driver
Dec 30 23:42:46 vagrant kernel: [    0.457205] i8042: PNP: PS/2 Controller [PNP0303:PS2K,PNP0f03:PS2M] at 0x60,0x64 irq 1,12
Dec 30 23:42:46 vagrant kernel: [    0.457577] serio: i8042 KBD port at 0x60,0x64 irq 1
Dec 30 23:42:46 vagrant kernel: [    0.457584] serio: i8042 AUX port at 0x60,0x64 irq 12
Dec 30 23:42:46 vagrant kernel: [    0.457664] mousedev: PS/2 mouse device common for all mice
Dec 30 23:42:46 vagrant kernel: [    0.457953] rtc_cmos rtc_cmos: registered as rtc0
Dec 30 23:42:46 vagrant kernel: [    0.457985] rtc_cmos rtc_cmos: setting system clock to 2023-12-30T23:42:39 UTC (1703979759)
Dec 30 23:42:46 vagrant kernel: [    0.458049] rtc_cmos rtc_cmos: alarms up to one day, 114 bytes nvram
Dec 30 23:42:46 vagrant kernel: [    0.458056] i2c_dev: i2c /dev entries driver
Dec 30 23:42:46 vagrant kernel: [    0.458077] device-mapper: core: CONFIG_IMA_DISABLE_HTABLE is disabled. Duplicate IMA measurements will not be recorded in the IMA log.
Dec 30 23:42:46 vagrant kernel: [    0.458102] device-mapper: uevent: version 1.0.3
Dec 30 23:42:46 vagrant kernel: [    0.458167] device-mapper: ioctl: 4.45.0-ioctl (2021-03-22) initialised: dm-devel@redhat.com
Dec 30 23:42:46 vagrant kernel: [    0.458191] platform eisa.0: Probing EISA bus 0
Dec 30 23:42:46 vagrant kernel: [    0.458194] platform eisa.0: EISA: Cannot allocate resource for mainboard
Dec 30 23:42:46 vagrant kernel: [    0.458196] platform eisa.0: Cannot allocate resource for EISA slot 1
Dec 30 23:42:46 vagrant kernel: [    0.458198] platform eisa.0: Cannot allocate resource for EISA slot 2
Dec 30 23:42:46 vagrant kernel: [    0.458200] platform eisa.0: Cannot allocate resource for EISA slot 3
Dec 30 23:42:46 vagrant kernel: [    0.458202] platform eisa.0: Cannot allocate resource for EISA slot 4
Dec 30 23:42:46 vagrant kernel: [    0.458204] platform eisa.0: Cannot allocate resource for EISA slot 5
Dec 30 23:42:46 vagrant kernel: [    0.458206] platform eisa.0: Cannot allocate resource for EISA slot 6
Dec 30 23:42:46 vagrant kernel: [    0.458208] platform eisa.0: Cannot allocate resource for EISA slot 7
Dec 30 23:42:46 vagrant kernel: [    0.458210] platform eisa.0: Cannot allocate resource for EISA slot 8
Dec 30 23:42:46 vagrant kernel: [    0.458212] platform eisa.0: EISA: Detected 0 cards
Dec 30 23:42:46 vagrant kernel: [    0.458214] intel_pstate: CPU model not supported
Dec 30 23:42:46 vagrant kernel: [    0.458983] input: AT Translated Set 2 keyboard as /devices/platform/i8042/serio0/input/input2
Dec 30 23:42:46 vagrant kernel: [    0.459114] ledtrig-cpu: registered to indicate activity on CPUs
Dec 30 23:42:46 vagrant kernel: [    0.459135] efifb: probing for efifb
Dec 30 23:42:46 vagrant kernel: [    0.459151] efifb: framebuffer at 0xe0000000, using 3072k, total 3072k
Dec 30 23:42:46 vagrant kernel: [    0.459154] efifb: mode is 1024x768x32, linelength=4096, pages=1
Dec 30 23:42:46 vagrant kernel: [    0.459156] efifb: scrolling: redraw
Dec 30 23:42:46 vagrant kernel: [    0.459157] efifb: Truecolor: size=8:8:8:8, shift=24:16:8:0
Dec 30 23:42:46 vagrant kernel: [    0.459226] Console: switching to colour frame buffer device 128x48
Dec 30 23:42:46 vagrant kernel: [    0.462513] fb0: EFI VGA frame buffer device
Dec 30 23:42:46 vagrant kernel: [    0.462533] EFI Variables Facility v0.08 2004-May-17
Dec 30 23:42:46 vagrant kernel: [    0.464409] drop_monitor: Initializing network drop monitor service
Dec 30 23:42:46 vagrant kernel: [    0.464560] NET: Registered PF_INET6 protocol family
Dec 30 23:42:46 vagrant kernel: [    1.066151] Freeing initrd memory: 107876K
Dec 30 23:42:46 vagrant kernel: [    1.071742] Segment Routing with IPv6
Dec 30 23:42:46 vagrant kernel: [    1.071800] In-situ OAM (IOAM) with IPv6
Dec 30 23:42:46 vagrant kernel: [    1.071864] NET: Registered PF_PACKET protocol family
Dec 30 23:42:46 vagrant kernel: [    1.071957] Key type dns_resolver registered
Dec 30 23:42:46 vagrant kernel: [    1.072279] No MBM correction factor available
Dec 30 23:42:46 vagrant kernel: [    1.072330] IPI shorthand broadcast: enabled
Dec 30 23:42:46 vagrant kernel: [    1.072386] sched_clock: Marking stable (1070154355, 2063075)->(1075422522, -3205092)
Dec 30 23:42:46 vagrant kernel: [    1.072585] registered taskstats version 1
Dec 30 23:42:46 vagrant kernel: [    1.072799] Loading compiled-in X.509 certificates
Dec 30 23:42:46 vagrant kernel: [    1.073442] Loaded X.509 cert 'Build time autogenerated kernel key: 5d922c8510ab93d63cb90d7e9088ad693f9da42f'
Dec 30 23:42:46 vagrant kernel: [    1.073957] Loaded X.509 cert 'Canonical Ltd. Live Patch Signing: 14df34d1a87cf37625abec039ef2bf521249b969'
Dec 30 23:42:46 vagrant kernel: [    1.074944] Loaded X.509 cert 'Canonical Ltd. Kernel Module Signing: 88f752e560a1e0737e31163a466ad7b70a850c19'
Dec 30 23:42:46 vagrant kernel: [    1.075001] blacklist: Loading compiled-in revocation X.509 certificates
Dec 30 23:42:46 vagrant kernel: [    1.075072] Loaded X.509 cert 'Canonical Ltd. Secure Boot Signing: 61482aa2830d0ab2ad5af10b7250da9033ddcef0'
Dec 30 23:42:46 vagrant kernel: [    1.075141] Loaded X.509 cert 'Canonical Ltd. Secure Boot Signing (2017): 242ade75ac4a15e50d50c84b0d45ff3eae707a03'
Dec 30 23:42:46 vagrant kernel: [    1.075208] Loaded X.509 cert 'Canonical Ltd. Secure Boot Signing (ESM 2018): 365188c1d374d6b07c3c8f240f8ef722433d6a8b'
Dec 30 23:42:46 vagrant kernel: [    1.075276] Loaded X.509 cert 'Canonical Ltd. Secure Boot Signing (2019): c0746fd6c5da3ae827864651ad66ae47fe24b3e8'
Dec 30 23:42:46 vagrant kernel: [    1.075342] Loaded X.509 cert 'Canonical Ltd. Secure Boot Signing (2021 v1): a8d54bbb3825cfb94fa13c9f8a594a195c107b8d'
Dec 30 23:42:46 vagrant kernel: [    1.076955] Loaded X.509 cert 'Canonical Ltd. Secure Boot Signing (2021 v2): 4cf046892d6fd3c9a5b03f98d845f90851dc6a8c'
Dec 30 23:42:46 vagrant kernel: [    1.077464] Loaded X.509 cert 'Canonical Ltd. Secure Boot Signing (2021 v3): 100437bb6de6e469b581e61cd66bce3ef4ed53af'
Dec 30 23:42:46 vagrant kernel: [    1.077973] Loaded X.509 cert 'Canonical Ltd. Secure Boot Signing (Ubuntu Core 2019): c1d57b8f6b743f23ee41f4f7ee292f06eecadfb9'
Dec 30 23:42:46 vagrant kernel: [    1.079819] zswap: loaded using pool lzo/zbud
Dec 30 23:42:46 vagrant kernel: [    1.080636] Key type .fscrypt registered
Dec 30 23:42:46 vagrant kernel: [    1.081124] Key type fscrypt-provisioning registered
Dec 30 23:42:46 vagrant kernel: [    1.084494] Key type encrypted registered
Dec 30 23:42:46 vagrant kernel: [    1.084998] AppArmor: AppArmor sha1 policy hashing enabled
Dec 30 23:42:46 vagrant kernel: [    1.085606] integrity: Loading X.509 certificate: UEFI:MokListRT (MOKvar table)
Dec 30 23:42:46 vagrant kernel: [    1.086440] integrity: Loaded X.509 cert 'Canonical Ltd. Master Certificate Authority: ad91990bc22ab1f517048c23b6655a268e345a63'
Dec 30 23:42:46 vagrant kernel: [    1.087561] ima: No TPM chip found, activating TPM-bypass!
Dec 30 23:42:46 vagrant kernel: [    1.088138] Loading compiled-in module X.509 certificates
Dec 30 23:42:46 vagrant kernel: [    1.089176] Loaded X.509 cert 'Build time autogenerated kernel key: 5d922c8510ab93d63cb90d7e9088ad693f9da42f'
Dec 30 23:42:46 vagrant kernel: [    1.089777] ima: Allocated hash algorithm: sha1
Dec 30 23:42:46 vagrant kernel: [    1.090395] ima: No architecture policies found
Dec 30 23:42:46 vagrant kernel: [    1.090989] evm: Initialising EVM extended attributes:
Dec 30 23:42:46 vagrant kernel: [    1.091579] evm: security.selinux
Dec 30 23:42:46 vagrant kernel: [    1.092154] evm: security.SMACK64
Dec 30 23:42:46 vagrant kernel: [    1.092721] evm: security.SMACK64EXEC
Dec 30 23:42:46 vagrant kernel: [    1.093280] evm: security.SMACK64TRANSMUTE
Dec 30 23:42:46 vagrant kernel: [    1.093833] evm: security.SMACK64MMAP
Dec 30 23:42:46 vagrant kernel: [    1.094407] evm: security.apparmor
Dec 30 23:42:46 vagrant kernel: [    1.094946] evm: security.ima
Dec 30 23:42:46 vagrant kernel: [    1.095479] evm: security.capability
Dec 30 23:42:46 vagrant kernel: [    1.096003] evm: HMAC attrs: 0x1
Dec 30 23:42:46 vagrant kernel: [    1.096794] PM:   Magic number: 3:419:758
Dec 30 23:42:46 vagrant kernel: [    1.097327] tty ttyS9: hash matches
Dec 30 23:42:46 vagrant kernel: [    1.099022] RAS: Correctable Errors collector initialized.
Dec 30 23:42:46 vagrant kernel: [    1.102150] Freeing unused decrypted memory: 2036K
Dec 30 23:42:46 vagrant kernel: [    1.103181] Freeing unused kernel image (initmem) memory: 3356K
Dec 30 23:42:46 vagrant kernel: [    1.250143] Write protecting the kernel read-only data: 30720k
Dec 30 23:42:46 vagrant kernel: [    1.252719] Freeing unused kernel image (text/rodata gap) memory: 2036K
Dec 30 23:42:46 vagrant kernel: [    1.253611] Freeing unused kernel image (rodata/data gap) memory: 1420K
Dec 30 23:42:46 vagrant kernel: [    1.293814] x86/mm: Checked W+X mappings: passed, no W+X pages found.
Dec 30 23:42:46 vagrant kernel: [    1.295603] x86/mm: Checking user space page tables
Dec 30 23:42:46 vagrant kernel: [    1.334027] x86/mm: Checked W+X mappings: passed, no W+X pages found.
Dec 30 23:42:46 vagrant kernel: [    1.334555] Run /init as init process
Dec 30 23:42:46 vagrant kernel: [    1.335067]   with arguments:
Dec 30 23:42:46 vagrant kernel: [    1.335069]     /init
Dec 30 23:42:46 vagrant kernel: [    1.335070]   with environment:
Dec 30 23:42:46 vagrant kernel: [    1.335070]     HOME=/
Dec 30 23:42:46 vagrant kernel: [    1.335071]     TERM=linux
Dec 30 23:42:46 vagrant kernel: [    1.335072]     BOOT_IMAGE=/vmlinuz-5.15.0-91-generic
Dec 30 23:42:46 vagrant kernel: [    1.335072]     biosdevname=0
Dec 30 23:42:46 vagrant kernel: [    1.436635] e1000: Intel(R) PRO/1000 Network Driver
Dec 30 23:42:46 vagrant kernel: [    1.440152] e1000: Copyright (c) 1999-2006 Intel Corporation.
Dec 30 23:42:46 vagrant kernel: [    1.441124] piix4_smbus 0000:00:07.0: SMBus Host Controller at 0x4100, revision 0
Dec 30 23:42:46 vagrant kernel: [    1.441203] ACPI: video: Video Device [GFX0] (multi-head: yes  rom: no  post: no)
Dec 30 23:42:46 vagrant kernel: [    1.443208] ahci 0000:00:0d.0: version 3.0
Dec 30 23:42:46 vagrant kernel: [    1.444029] ahci 0000:00:0d.0: SSS flag set, parallel bus scan disabled
Dec 30 23:42:46 vagrant kernel: [    1.445109] ahci 0000:00:0d.0: AHCI 0001.0100 32 slots 1 ports 3 Gbps 0x1 impl SATA mode
Dec 30 23:42:46 vagrant kernel: [    1.446005] ahci 0000:00:0d.0: flags: 64bit ncq stag only ccc 
Dec 30 23:42:46 vagrant kernel: [    1.447195] input: Video Bus as /devices/LNXSYSTM:00/LNXSYBUS:00/PNP0A03:00/LNXVIDEO:00/input/input5
Dec 30 23:42:46 vagrant kernel: [    1.450332] cryptd: max_cpu_qlen set to 1000
Dec 30 23:42:46 vagrant kernel: [    1.461319] AVX2 version of gcm_enc/dec engaged.
Dec 30 23:42:46 vagrant kernel: [    1.461985] AES CTR mode by8 optimization enabled
Dec 30 23:42:46 vagrant kernel: [    1.464729] scsi host2: ahci
Dec 30 23:42:46 vagrant kernel: [    1.465637] ata3: SATA max UDMA/133 abar m8192@0xe4624000 port 0xe4624100 irq 21
Dec 30 23:42:46 vagrant kernel: [    1.639241] input: ImExPS/2 Generic Explorer Mouse as /devices/platform/i8042/serio1/input/input4
Dec 30 23:42:46 vagrant kernel: [    1.778141] ata3: SATA link up 3.0 Gbps (SStatus 123 SControl 300)
Dec 30 23:42:46 vagrant kernel: [    1.780067] ata3.00: ATA-6: VBOX HARDDISK, 1.0, max UDMA/133
Dec 30 23:42:46 vagrant kernel: [    1.780590] ata3.00: 266338304 sectors, multi 128: LBA48 NCQ (depth 32)
Dec 30 23:42:46 vagrant kernel: [    1.781216] ata3.00: configured for UDMA/133
Dec 30 23:42:46 vagrant kernel: [    1.781824] scsi 2:0:0:0: Direct-Access     ATA      VBOX HARDDISK    1.0  PQ: 0 ANSI: 5
Dec 30 23:42:46 vagrant kernel: [    1.782548] sd 2:0:0:0: Attached scsi generic sg0 type 0
Dec 30 23:42:46 vagrant kernel: [    1.782557] sd 2:0:0:0: [sda] 266338304 512-byte logical blocks: (136 GB/127 GiB)
Dec 30 23:42:46 vagrant kernel: [    1.783605] sd 2:0:0:0: [sda] Write Protect is off
Dec 30 23:42:46 vagrant kernel: [    1.784086] sd 2:0:0:0: [sda] Mode Sense: 00 3a 00 00
Dec 30 23:42:46 vagrant kernel: [    1.784099] sd 2:0:0:0: [sda] Write cache: enabled, read cache: enabled, doesn't support DPO or FUA
Dec 30 23:42:46 vagrant kernel: [    1.788767]  sda: sda1 sda2 sda3
Dec 30 23:42:46 vagrant kernel: [    1.791464] sd 2:0:0:0: [sda] Attached SCSI disk
Dec 30 23:42:46 vagrant kernel: [    1.798686] e1000 0000:00:03.0 eth0: (PCI:33MHz:32-bit) 08:00:27:4d:f6:ec
Dec 30 23:42:46 vagrant kernel: [    1.799223] e1000 0000:00:03.0 eth0: Intel(R) PRO/1000 Network Connection
Dec 30 23:42:46 vagrant kernel: [    1.814407] Console: switching to colour dummy device 80x25
Dec 30 23:42:46 vagrant kernel: [    1.814450] vmwgfx 0000:00:02.0: vgaarb: deactivate vga console
Dec 30 23:42:46 vagrant kernel: [    1.815050] [TTM] Zone  kernel: Available graphics memory: 4057612 KiB
Dec 30 23:42:46 vagrant kernel: [    1.815054] [TTM] Zone   dma32: Available graphics memory: 2097152 KiB
Dec 30 23:42:46 vagrant kernel: [    1.815082] vmwgfx 0000:00:02.0: [drm] FIFO at 0x00000000e4400000 size is 2048 kiB
Dec 30 23:42:46 vagrant kernel: [    1.815106] vmwgfx 0000:00:02.0: [drm] VRAM at 0x00000000e0000000 size is 65536 kiB
Dec 30 23:42:46 vagrant kernel: [    1.815115] vmwgfx 0000:00:02.0: [drm] Running on SVGA version 2.
Dec 30 23:42:46 vagrant kernel: [    1.815120] vmwgfx 0000:00:02.0: [drm] DMA map mode: Caching DMA mappings.
Dec 30 23:42:46 vagrant kernel: [    1.815151] vmwgfx 0000:00:02.0: [drm] Legacy memory limits: VRAM = 65536 kB, FIFO = 2048 kB, surface = 458752 kB
Dec 30 23:42:46 vagrant kernel: [    1.815154] vmwgfx 0000:00:02.0: [drm] MOB limits: max mob size = 0 kB, max mob pages = 0
Dec 30 23:42:46 vagrant kernel: [    1.815157] vmwgfx 0000:00:02.0: [drm] Capabilities: cursor, cursor bypass 2, alpha cursor, 3D, extended fifo, pitchlock, irq mask, gmr, traces, gmr2, screen object 2, 
Dec 30 23:42:46 vagrant kernel: [    1.815161] vmwgfx 0000:00:02.0: [drm] Max GMR ids is 8192
Dec 30 23:42:46 vagrant kernel: [    1.815163] vmwgfx 0000:00:02.0: [drm] Max number of GMR pages is 1048576
Dec 30 23:42:46 vagrant kernel: [    1.815165] vmwgfx 0000:00:02.0: [drm] Maximum display memory size is 65536 kiB
Dec 30 23:42:46 vagrant kernel: [    1.815754] vmwgfx 0000:00:02.0: [drm] Screen Object display unit initialized
Dec 30 23:42:46 vagrant kernel: [    1.816193] vmwgfx 0000:00:02.0: [drm] Fifo max 0x00200000 min 0x00001000 cap 0x00000355
Dec 30 23:42:46 vagrant kernel: [    1.816204] vmwgfx 0000:00:02.0: [drm] Available shader model: Legacy.
Dec 30 23:42:46 vagrant kernel: [    1.816209] [drm:vmw_host_printf [vmwgfx]] *ERROR* Failed to send host log message.
Dec 30 23:42:46 vagrant kernel: [    1.821481] fbcon: svgadrmfb (fb0) is primary device
Dec 30 23:42:46 vagrant kernel: [    1.824204] Console: switching to colour frame buffer device 128x48
Dec 30 23:42:46 vagrant kernel: [    1.827456] [drm] Initialized vmwgfx 2.19.0 20210722 for 0000:00:02.0 on minor 0
Dec 30 23:42:46 vagrant kernel: [    2.290112] raid6: avx2x4   gen() 33688 MB/s
Dec 30 23:42:46 vagrant kernel: [    2.358080] raid6: avx2x4   xor() 11654 MB/s
Dec 30 23:42:46 vagrant kernel: [    2.426110] raid6: avx2x2   gen() 32002 MB/s
Dec 30 23:42:46 vagrant kernel: [    2.494110] raid6: avx2x2   xor() 20035 MB/s
Dec 30 23:42:46 vagrant kernel: [    2.562081] raid6: avx2x1   gen() 29640 MB/s
Dec 30 23:42:46 vagrant kernel: [    2.630080] raid6: avx2x1   xor() 17367 MB/s
Dec 30 23:42:46 vagrant kernel: [    2.698080] raid6: sse2x4   gen() 18603 MB/s
Dec 30 23:42:46 vagrant kernel: [    2.766087] raid6: sse2x4   xor() 10428 MB/s
Dec 30 23:42:46 vagrant kernel: [    2.834085] raid6: sse2x2   gen() 17789 MB/s
Dec 30 23:42:46 vagrant kernel: [    2.902081] raid6: sse2x2   xor() 11484 MB/s
Dec 30 23:42:46 vagrant kernel: [    2.970081] raid6: sse2x1   gen() 15529 MB/s
Dec 30 23:42:46 vagrant kernel: [    3.038079] raid6: sse2x1   xor() 10233 MB/s
Dec 30 23:42:46 vagrant kernel: [    3.038094] raid6: using algorithm avx2x4 gen() 33688 MB/s
Dec 30 23:42:46 vagrant kernel: [    3.038109] raid6: .... xor() 11654 MB/s, rmw enabled
Dec 30 23:42:46 vagrant kernel: [    3.038123] raid6: using avx2x2 recovery algorithm
Dec 30 23:42:46 vagrant kernel: [    3.039160] xor: automatically using best checksumming function   avx       
Dec 30 23:42:46 vagrant kernel: [    3.040021] async_tx: api initialized (async)
Dec 30 23:42:46 vagrant kernel: [    3.146989] Btrfs loaded, crc32c=crc32c-intel, zoned=yes, fsverity=yes
Dec 30 23:42:46 vagrant kernel: [    3.214043] EXT4-fs (dm-0): mounted filesystem with ordered data mode. Opts: (null). Quota mode: none.
Dec 30 23:42:46 vagrant kernel: [    3.402969] systemd[1]: Inserted module 'autofs4'
Dec 30 23:42:46 vagrant kernel: [    3.420419] systemd[1]: systemd 249.11-0ubuntu3.11 running in system mode (+PAM +AUDIT +SELINUX +APPARMOR +IMA +SMACK +SECCOMP +GCRYPT +GNUTLS +OPENSSL +ACL +BLKID +CURL +ELFUTILS +FIDO2 +IDN2 -IDN +IPTC +KMOD +LIBCRYPTSETUP +LIBFDISK +PCRE2 -PWQUALITY -P11KIT -QRENCODE +BZIP2 +LZ4 +XZ +ZLIB +ZSTD -XKBCOMMON +UTMP +SYSVINIT default-hierarchy=unified)
Dec 30 23:42:46 vagrant kernel: [    3.422210] systemd[1]: Detected virtualization oracle.
Dec 30 23:42:46 vagrant kernel: [    3.422805] systemd[1]: Detected architecture x86-64.
Dec 30 23:42:46 vagrant kernel: [    3.426049] systemd[1]: Hostname set to <vagrant>.
Dec 30 23:42:46 vagrant kernel: [    3.625647] systemd[1]: Queued start job for default target Graphical Interface.
Dec 30 23:42:46 vagrant kernel: [    3.627600] systemd[1]: Created slice Slice /system/modprobe.
Dec 30 23:42:46 vagrant kernel: [    3.629213] systemd[1]: Created slice Slice /system/systemd-fsck.
Dec 30 23:42:46 vagrant kernel: [    3.630708] systemd[1]: Created slice User and Session Slice.
Dec 30 23:42:46 vagrant kernel: [    3.631943] systemd[1]: Started ntp-systemd-netif.path.
Dec 30 23:42:46 vagrant kernel: [    3.633165] systemd[1]: Started Forward Password Requests to Wall Directory Watch.
Dec 30 23:42:46 vagrant kernel: [    3.634589] systemd[1]: Set up automount Arbitrary Executable File Formats File System Automount Point.
Dec 30 23:42:46 vagrant kernel: [    3.635981] systemd[1]: Reached target Slice Units.
Dec 30 23:42:46 vagrant kernel: [    3.637326] systemd[1]: Reached target Mounting snaps.
Dec 30 23:42:46 vagrant kernel: [    3.638785] systemd[1]: Reached target System Time Set.
Dec 30 23:42:46 vagrant kernel: [    3.640248] systemd[1]: Reached target Local Verity Protected Volumes.
Dec 30 23:42:46 vagrant kernel: [    3.641753] systemd[1]: Listening on Device-mapper event daemon FIFOs.
Dec 30 23:42:46 vagrant kernel: [    3.643346] systemd[1]: Listening on LVM2 poll daemon socket.
Dec 30 23:42:46 vagrant kernel: [    3.644901] systemd[1]: Listening on multipathd control socket.
Dec 30 23:42:46 vagrant kernel: [    3.649500] systemd[1]: Listening on RPCbind Server Activation Socket.
Dec 30 23:42:46 vagrant kernel: [    3.651159] systemd[1]: Listening on Syslog Socket.
Dec 30 23:42:46 vagrant kernel: [    3.652699] systemd[1]: Listening on fsck to fsckd communication Socket.
Dec 30 23:42:46 vagrant kernel: [    3.654206] systemd[1]: Listening on initctl Compatibility Named Pipe.
Dec 30 23:42:46 vagrant kernel: [    3.655789] systemd[1]: Listening on Journal Audit Socket.
Dec 30 23:42:46 vagrant kernel: [    3.657278] systemd[1]: Listening on Journal Socket (/dev/log).
Dec 30 23:42:46 vagrant kernel: [    3.658872] systemd[1]: Listening on Journal Socket.
Dec 30 23:42:46 vagrant kernel: [    3.660486] systemd[1]: Listening on Network Service Netlink Socket.
Dec 30 23:42:46 vagrant kernel: [    3.661961] systemd[1]: Listening on udev Control Socket.
Dec 30 23:42:46 vagrant kernel: [    3.663493] systemd[1]: Listening on udev Kernel Socket.
Dec 30 23:42:46 vagrant kernel: [    3.665747] systemd[1]: Mounting Huge Pages File System...
Dec 30 23:42:46 vagrant kernel: [    3.668948] systemd[1]: Mounting POSIX Message Queue File System...
Dec 30 23:42:46 vagrant kernel: [    3.671198] systemd[1]: Mounting Kernel Debug File System...
Dec 30 23:42:46 vagrant kernel: [    3.674074] systemd[1]: Mounting Kernel Trace File System...
Dec 30 23:42:46 vagrant kernel: [    3.677270] systemd[1]: Starting Journal Service...
Dec 30 23:42:46 vagrant kernel: [    3.679027] systemd[1]: Condition check resulted in Kernel Module supporting RPCSEC_GSS being skipped.
Dec 30 23:42:46 vagrant kernel: [    3.680804] systemd[1]: Starting Set the console keyboard layout...
Dec 30 23:42:46 vagrant kernel: [    3.683823] systemd[1]: Starting Create List of Static Device Nodes...
Dec 30 23:42:46 vagrant kernel: [    3.687152] systemd[1]: Starting Monitoring of LVM2 mirrors, snapshots etc. using dmeventd or progress polling...
Dec 30 23:42:46 vagrant kernel: [    3.689639] systemd[1]: Condition check resulted in LXD - agent being skipped.
Dec 30 23:42:46 vagrant kernel: [    3.692499] systemd[1]: Starting Load Kernel Module configfs...
Dec 30 23:42:46 vagrant kernel: [    3.697890] systemd[1]: Starting Load Kernel Module drm...
Dec 30 23:42:46 vagrant kernel: [    3.702648] systemd[1]: Starting Load Kernel Module efi_pstore...
Dec 30 23:42:46 vagrant kernel: [    3.706594] systemd[1]: Starting Load Kernel Module fuse...
Dec 30 23:42:46 vagrant kernel: [    3.709000] pstore: Using crash dump compression: deflate
Dec 30 23:42:46 vagrant kernel: [    3.709004] pstore: Registered efi as persistent store backend
Dec 30 23:42:46 vagrant kernel: [    3.711590] systemd[1]: Condition check resulted in OpenVSwitch configuration for cleanup being skipped.
Dec 30 23:42:46 vagrant kernel: [    3.713107] systemd[1]: Condition check resulted in File System Check on Root Device being skipped.
Dec 30 23:42:46 vagrant kernel: [    3.716657] systemd[1]: Starting Load Kernel Modules...
Dec 30 23:42:46 vagrant kernel: [    3.720561] systemd[1]: Starting Remount Root and Kernel File Systems...
Dec 30 23:42:46 vagrant kernel: [    3.724567] systemd[1]: Starting Coldplug All udev Devices...
Dec 30 23:42:46 vagrant kernel: [    3.728945] systemd[1]: Started Journal Service.
Dec 30 23:42:46 vagrant kernel: [    3.734356] EXT4-fs (dm-0): re-mounted. Opts: (null). Quota mode: none.
Dec 30 23:42:46 vagrant kernel: [    3.751033] Adding 4194300k swap on /swap.img.  Priority:-2 extents:4 across:4472828k FS
Dec 30 23:42:46 vagrant kernel: [    3.757404] alua: device handler registered
Dec 30 23:42:46 vagrant kernel: [    3.759142] emc: device handler registered
Dec 30 23:42:46 vagrant kernel: [    3.760016] systemd-journald[405]: Received client request to flush runtime journal.
Dec 30 23:42:46 vagrant kernel: [    3.761976] rdac: device handler registered
Dec 30 23:42:46 vagrant kernel: [    3.954637] loop0: detected capacity change from 0 to 229272
Dec 30 23:42:46 vagrant kernel: [    3.954836] loop1: detected capacity change from 0 to 129944
Dec 30 23:42:46 vagrant kernel: [    3.958407] loop2: detected capacity change from 0 to 109072
Dec 30 23:42:46 vagrant kernel: [    4.081393] vboxguest: loading out-of-tree module taints kernel.
Dec 30 23:42:46 vagrant kernel: [    4.081586] vboxguest: module verification failed: signature and/or required key missing - tainting kernel
Dec 30 23:42:46 vagrant kernel: [    4.102529] vgdrvHeartbeatInit: Setting up heartbeat to trigger every 2000 milliseconds
Dec 30 23:42:46 vagrant kernel: [    4.102615] Host supports full mouse state reporting, switching to extended mouse integration protocol
Dec 30 23:42:46 vagrant kernel: [    4.110409] input: VirtualBox mouse integration as /devices/pci0000:00/0000:00:04.0/input/input6
Dec 30 23:42:46 vagrant kernel: [    4.138431] vboxguest: Successfully loaded version 6.1.48 r159471
Dec 30 23:42:46 vagrant kernel: [    4.138459] vboxguest: misc device minor 123, IRQ 20, I/O port c000, MMIO at 00000000e4000000 (size 0x400000)
Dec 30 23:42:46 vagrant kernel: [    4.138460] vboxguest: Successfully loaded version 6.1.48 r159471 (interface 0x00010004)
Dec 30 23:42:46 vagrant kernel: [    4.143670] RAPL PMU: API unit is 2^-32 Joules, 0 fixed counters, 10737418240 ms ovfl timer
Dec 30 23:42:46 vagrant kernel: [    4.273248] EXT4-fs (sda2): mounted filesystem with ordered data mode. Opts: (null). Quota mode: none.
Dec 30 23:42:46 vagrant kernel: [    4.390257] audit: type=1400 audit(1703979763.428:2): apparmor="STATUS" operation="profile_load" profile="unconfined" name="nvidia_modprobe" pid=626 comm="apparmor_parser"
Dec 30 23:42:46 vagrant kernel: [    4.391211] audit: type=1400 audit(1703979763.428:3): apparmor="STATUS" operation="profile_load" profile="unconfined" name="nvidia_modprobe//kmod" pid=626 comm="apparmor_parser"
Dec 30 23:42:46 vagrant kernel: [    4.391756] RPC: Registered named UNIX socket transport module.
Dec 30 23:42:46 vagrant kernel: [    4.391758] RPC: Registered udp transport module.
Dec 30 23:42:46 vagrant kernel: [    4.391759] RPC: Registered tcp transport module.
Dec 30 23:42:46 vagrant kernel: [    4.391759] RPC: Registered tcp NFSv4.1 backchannel transport module.
Dec 30 23:42:46 vagrant kernel: [    4.402019] audit: type=1400 audit(1703979763.440:4): apparmor="STATUS" operation="profile_load" profile="unconfined" name="lsb_release" pid=625 comm="apparmor_parser"
Dec 30 23:42:46 vagrant kernel: [    4.473519] audit: type=1400 audit(1703979763.512:5): apparmor="STATUS" operation="profile_load" profile="unconfined" name="/usr/bin/man" pid=628 comm="apparmor_parser"
Dec 30 23:42:46 vagrant kernel: [    4.474882] audit: type=1400 audit(1703979763.516:6): apparmor="STATUS" operation="profile_load" profile="unconfined" name="man_filter" pid=628 comm="apparmor_parser"
Dec 30 23:42:46 vagrant kernel: [    4.476490] audit: type=1400 audit(1703979763.516:7): apparmor="STATUS" operation="profile_load" profile="unconfined" name="man_groff" pid=628 comm="apparmor_parser"
Dec 30 23:42:46 vagrant kernel: [    4.490778] audit: type=1400 audit(1703979763.532:8): apparmor="STATUS" operation="profile_load" profile="unconfined" name="tcpdump" pid=636 comm="apparmor_parser"
Dec 30 23:42:46 vagrant kernel: [    4.507339] audit: type=1400 audit(1703979763.536:9): apparmor="STATUS" operation="profile_load" profile="unconfined" name="/usr/lib/NetworkManager/nm-dhcp-client.action" pid=627 comm="apparmor_parser"
Dec 30 23:42:46 vagrant kernel: [    4.508605] audit: type=1400 audit(1703979763.536:10): apparmor="STATUS" operation="profile_load" profile="unconfined" name="/usr/lib/NetworkManager/nm-dhcp-helper" pid=627 comm="apparmor_parser"
Dec 30 23:42:46 vagrant kernel: [    5.310590] e1000: eth0 NIC Link is Up 1000 Mbps Full Duplex, Flow Control: RX
Dec 30 23:42:46 vagrant kernel: [    5.310881] IPv6: ADDRCONF(NETDEV_CHANGE): eth0: link becomes ready
Dec 30 23:42:46 vagrant kernel: [    5.320101] kauditd_printk_skb: 14 callbacks suppressed
Dec 30 23:42:46 vagrant kernel: [    5.320103] audit: type=1400 audit(1703979764.356:25): apparmor="STATUS" operation="profile_load" profile="unconfined" name="snap.lxd.hook.install" pid=662 comm="apparmor_parser"
Dec 30 23:42:46 vagrant kernel: [    5.366504] audit: type=1400 audit(1703979764.408:26): apparmor="STATUS" operation="profile_load" profile="unconfined" name="snap.lxd.lxc-to-lxd" pid=669 comm="apparmor_parser"
Dec 30 23:42:46 vagrant kernel: [    5.366668] audit: type=1400 audit(1703979764.408:27): apparmor="STATUS" operation="profile_load" profile="unconfined" name="/snap/snapd/19457/usr/lib/snapd/snap-confine" pid=654 comm="apparmor_parser"
Dec 30 23:42:46 vagrant kernel: [    5.367511] audit: type=1400 audit(1703979764.408:28): apparmor="STATUS" operation="profile_load" profile="unconfined" name="/snap/snapd/19457/usr/lib/snapd/snap-confine//mount-namespace-capture-helper" pid=654 comm="apparmor_parser"
Dec 30 23:42:46 vagrant kernel: [    5.433291] audit: type=1400 audit(1703979764.468:29): apparmor="STATUS" operation="profile_load" profile="unconfined" name="snap.lxd.lxd" pid=670 comm="apparmor_parser"
Dec 30 23:42:46 vagrant kernel: [    5.461617] audit: type=1400 audit(1703979764.492:30): apparmor="STATUS" operation="profile_load" profile="unconfined" name="snap.lxd.migrate" pid=695 comm="apparmor_parser"
Dec 30 23:42:46 vagrant kernel: [    5.529275] audit: type=1400 audit(1703979764.556:31): apparmor="STATUS" operation="profile_load" profile="unconfined" name="snap.lxd.user-daemon" pid=706 comm="apparmor_parser"
Dec 30 23:42:46 vagrant kernel: [    7.693934] audit: type=1400 audit(1703979766.732:32): apparmor="DENIED" operation="open" profile="/usr/sbin/ntpd" name="/snap/bin/" pid=729 comm="ntpd" requested_mask="r" denied_mask="r" fsuid=0 ouid=0
Dec 30 23:42:46 vagrant systemd[1]: Started System Logging Service.
Dec 30 23:42:46 vagrant systemd[1]: Started Authorization Manager.
Dec 30 23:42:46 vagrant systemd[1]: Starting Modem Manager...
Dec 30 23:42:46 vagrant apport[717]:  * Starting automatic crash report generation: apport
Dec 30 23:42:46 vagrant systemd[1]: Starting Hold until boot process finishes up...
Dec 30 23:42:46 vagrant systemd[1]: Starting Terminate Plymouth Boot Screen...
Dec 30 23:42:46 vagrant systemd[1]: Finished Hold until boot process finishes up.
Dec 30 23:42:46 vagrant systemd[1]: Starting Set console scheme...
Dec 30 23:42:46 vagrant systemd[1]: grub-common.service: Deactivated successfully.
Dec 30 23:42:46 vagrant systemd[1]: Finished Record successful boot for GRUB.
Dec 30 23:42:46 vagrant systemd[1]: Starting GRUB failed boot detection...
Dec 30 23:42:46 vagrant apport[717]:    ...done.
Dec 30 23:42:46 vagrant systemd[1]: Started LSB: automatic crash report generation.
Dec 30 23:42:46 vagrant ntpd[743]: leapsecond file ('/usr/share/zoneinfo/leap-seconds.list'): good hash signature
Dec 30 23:42:46 vagrant ntpd[743]: leapsecond file ('/usr/share/zoneinfo/leap-seconds.list'): loaded, expire=2023-12-28T00:00:00Z last=2017-01-01T00:00:00Z ofs=37
Dec 30 23:42:46 vagrant ntpd[743]: leapsecond file ('/usr/share/zoneinfo/leap-seconds.list'): expired 3 days ago
Dec 30 23:42:46 vagrant systemd[1]: Finished Terminate Plymouth Boot Screen.
Dec 30 23:42:46 vagrant systemd[1]: Finished Set console scheme.
Dec 30 23:42:46 vagrant systemd[1]: Created slice Slice /system/getty.
Dec 30 23:42:46 vagrant systemd[1]: Started Getty on tty1.
Dec 30 23:42:46 vagrant systemd[1]: Reached target Login Prompts.
Dec 30 23:42:46 vagrant systemd[1]: grub-initrd-fallback.service: Deactivated successfully.
Dec 30 23:42:46 vagrant systemd[1]: Finished GRUB failed boot detection.
Dec 30 23:42:46 vagrant ntpd[743]: Listen and drop on 0 v6wildcard [::]:123
Dec 30 23:42:46 vagrant ntpd[743]: Listen and drop on 1 v4wildcard 0.0.0.0:123
Dec 30 23:42:46 vagrant ntpd[743]: Listen normally on 2 lo 127.0.0.1:123
Dec 30 23:42:46 vagrant ntpd[743]: Listen normally on 3 eth0 10.0.2.15:123
Dec 30 23:42:46 vagrant ntpd[743]: Listen normally on 4 lo [::1]:123
Dec 30 23:42:46 vagrant ntpd[743]: Listen normally on 5 eth0 [fe80::a00:27ff:fe4d:f6ec%2]:123
Dec 30 23:42:46 vagrant ntpd[743]: Listening on routing socket on fd #22 for interface updates
Dec 30 23:42:46 vagrant ntpd[743]: kernel reports TIME_ERROR: 0x41: Clock Unsynchronized
Dec 30 23:42:46 vagrant kernel: [    7.769770] audit: type=1400 audit(1703979766.808:33): apparmor="DENIED" operation="open" profile="/usr/sbin/ntpd" name="/etc/ssl/openssl.cnf" pid=743 comm="ntpd" requested_mask="r" denied_mask="r" fsuid=0 ouid=0
Dec 30 23:42:46 vagrant ntpd[743]: kernel reports TIME_ERROR: 0x41: Clock Unsynchronized
Dec 30 23:42:46 vagrant systemd[1]: Started Network Time Service.
Dec 30 23:42:46 vagrant pollinate[736]: client sent challenge to [https://entropy.ubuntu.com/]
Dec 30 23:42:46 vagrant udisksd[746]: failed to load module mdraid: libbd_mdraid.so.2: cannot open shared object file: No such file or directory
Dec 30 23:42:46 vagrant ModemManager[779]: <info>  ModemManager (version 1.20.0) starting in system bus...
Dec 30 23:42:46 vagrant systemd[1]: Started User Login Management.
Dec 30 23:42:46 vagrant udisksd[746]: Failed to load the 'mdraid' libblockdev plugin
Dec 30 23:42:46 vagrant networkd-dispatcher[727]: No valid path found for iwconfig
Dec 30 23:42:46 vagrant networkd-dispatcher[727]: No valid path found for iw
Dec 30 23:42:46 vagrant systemd[1]: Started Dispatcher daemon for systemd-networkd.
Dec 30 23:42:46 vagrant systemd[1]: Started Disk Manager.
Dec 30 23:42:46 vagrant udisksd[746]: Acquired the name org.freedesktop.UDisks2 on the system message bus
Dec 30 23:42:46 vagrant systemd[1]: Started Modem Manager.
Dec 30 23:42:47 vagrant pollinate[736]: client verified challenge/response with [https://entropy.ubuntu.com/]
Dec 30 23:42:47 vagrant pollinate[736]: client hashed response from [https://entropy.ubuntu.com/]
Dec 30 23:42:47 vagrant pollinate[736]: client successfully seeded [/dev/urandom]
Dec 30 23:42:47 vagrant systemd[1]: pollinate.service: Deactivated successfully.
Dec 30 23:42:47 vagrant systemd[1]: Finished Pollinate to seed the pseudo random number generator.
Dec 30 23:42:47 vagrant systemd[1]: Starting OpenBSD Secure Shell server...
Dec 30 23:42:47 vagrant systemd[1]: Started OpenBSD Secure Shell server.
Dec 30 23:42:47 vagrant vboxadd[747]: VirtualBox Guest Additions: Starting.
Dec 30 23:42:47 vagrant vboxadd[932]: VirtualBox Guest Additions: Setting up modules
Dec 30 23:42:47 vagrant vboxadd[1083]: VirtualBox Guest Additions: VirtualBox Guest Additions kernel modules 6.1.48
Dec 30 23:42:47 vagrant vboxadd[1083]: r159471 are already available for kernel 5.15.0-91-generic and do not require
Dec 30 23:42:47 vagrant vboxadd[1083]: to be rebuilt.
Dec 30 23:42:47 vagrant vboxadd[1099]: VirtualBox Guest Additions: Running kernel modules will not be replaced until
Dec 30 23:42:47 vagrant vboxadd[1099]: the system is restarted
Dec 30 23:42:47 vagrant systemd-udevd[447]: Network interface NamePolicy= disabled on kernel command line, ignoring.
Dec 30 23:42:47 vagrant kernel: [    8.677496] vboxvideo: loading version 6.1.48 r159471
Dec 30 23:42:47 vagrant systemd[1]: Finished vboxadd.service.
Dec 30 23:42:47 vagrant systemd[1]: Starting vboxadd-service.service...
Dec 30 23:42:47 vagrant vboxadd-service[1141]: vboxadd-service.sh: Starting VirtualBox Guest Addition service.
Dec 30 23:42:47 vagrant vboxadd-service.sh: Starting VirtualBox Guest Addition service.
Dec 30 23:42:47 vagrant kernel: [    8.705632] 23:42:47.747582 main     VBoxService 6.1.48 r159471 (verbosity: 0) linux.amd64 (Oct 12 2023 11:16:00) release log
Dec 30 23:42:47 vagrant kernel: [    8.705632] 23:42:47.747583 main     Log opened 2023-12-30T23:42:47.747576000Z
Dec 30 23:42:47 vagrant kernel: [    8.705689] 23:42:47.747679 main     OS Product: Linux
Dec 30 23:42:47 vagrant kernel: [    8.705714] 23:42:47.747714 main     OS Release: 5.15.0-91-generic
Dec 30 23:42:47 vagrant kernel: [    8.705737] 23:42:47.747738 main     OS Version: #101-Ubuntu SMP Tue Nov 14 13:30:08 UTC 2023
Dec 30 23:42:47 vagrant kernel: [    8.705767] 23:42:47.747760 main     Executable: /opt/VBoxGuestAdditions-6.1.48/sbin/VBoxService
Dec 30 23:42:47 vagrant kernel: [    8.705767] 23:42:47.747761 main     Process ID: 1147
Dec 30 23:42:47 vagrant kernel: [    8.705767] 23:42:47.747762 main     Package type: LINUX_64BITS_GENERIC
Dec 30 21:42:48 vagrant systemd-resolved[684]: Clock change detected. Flushing caches.
Dec 30 21:42:48 vagrant kernel: [    8.706628] 23:42:47.748620 main     6.1.48 r159471 started. Verbose level = 0
Dec 30 21:42:48 vagrant kernel: [    8.707254] 23:42:47.749238 main     vbglR3GuestCtrlDetectPeekGetCancelSupport: Supported (#1)
Dec 30 21:42:48 vagrant systemd[1]: Started vboxadd-service.service.
Dec 30 21:42:48 vagrant vboxadd-service.sh: VirtualBox Guest Addition service started.
Dec 30 21:42:49 vagrant ntpd[743]: Soliciting pool server 185.69.55.221
Dec 30 21:42:49 vagrant ntpd[743]: Soliciting pool server 5.20.0.21
Dec 30 21:42:50 vagrant ModemManager[779]: <info>  [base-manager] couldn't check support for device '/sys/devices/pci0000:00/0000:00:03.0': not supported by any plugin
Dec 30 21:42:50 vagrant ntpd[743]: Soliciting pool server 185.177.150.85
Dec 30 21:42:51 vagrant systemd[1]: tmp-snap.rootfs_8bfh47.mount: Deactivated successfully.
Dec 30 21:42:52 vagrant snapd[742]: overlord.go:272: Acquiring state lock file
Dec 30 21:42:52 vagrant snapd[742]: overlord.go:277: Acquired state lock file
Dec 30 21:42:52 vagrant snapd[742]: daemon.go:247: started snapd/2.59.5 (series 16; classic) ubuntu/22.04 (amd64) linux/5.15.0-91-generic.
Dec 30 21:42:52 vagrant kernel: [   12.190656] loop3: detected capacity change from 0 to 8
Dec 30 21:42:52 vagrant systemd[1]: tmp-syscheck\x2dmountpoint\x2d324043291.mount: Deactivated successfully.
Dec 30 21:42:52 vagrant multipathd[444]: burst continued 18446744073702359607 ms, too long time, stopped
Dec 30 21:42:52 vagrant snapd[742]: daemon.go:340: adjusting startup timeout by 45s (pessimistic estimate of 30s plus 5s per snap)
Dec 30 21:42:52 vagrant snapd[742]: backends.go:58: AppArmor status: apparmor is enabled and all features are available
Dec 30 21:42:52 vagrant systemd[1]: Started Snap Daemon.
Dec 30 21:42:52 vagrant dbus-daemon[720]: [system] Activating via systemd: service name='org.freedesktop.timedate1' unit='dbus-org.freedesktop.timedate1.service' requested by ':1.10' (uid=0 pid=742 comm="/usr/lib/snapd/snapd " label="unconfined")
Dec 30 21:42:52 vagrant systemd[1]: Starting Wait until snapd is fully seeded...
Dec 30 21:42:52 vagrant systemd[1]: Starting Time & Date Service...
Dec 30 21:42:52 vagrant dbus-daemon[720]: [system] Successfully activated service 'org.freedesktop.timedate1'
Dec 30 21:42:52 vagrant systemd[1]: Started Time & Date Service.
